Component: ARM Compiler 5.06 update 1 (build 61) Tool: armlink [4d35a8]

==============================================================================

Section Cross References

    main.o(i.CT16B0_IRQHandler) refers to main.o(.data) for ct16b0_test_cnt
    main.o(i.Init) refers to clock_8nxx.o(i.Chip_Clock_System_SetClockFreq) for Chip_Clock_System_SetClockFreq
    main.o(i.Init) refers to main.o(i.NVIC_SetPriority) for NVIC_SetPriority
    main.o(i.Init) refers to rtc_8nxx.o(i.Chip_RTC_DeInit) for Chip_RTC_DeInit
    main.o(i.Init) refers to clock_8nxx.o(i.Chip_Clock_Peripheral_EnableClock) for Chip_Clock_Peripheral_EnableClock
    main.o(i.Init) refers to rtc_8nxx.o(i.Chip_RTC_Int_SetEnabledMask) for Chip_RTC_Int_SetEnabledMask
    main.o(i.Init) refers to timer_8nxx.o(i.Chip_TIMER_Init) for Chip_TIMER_Init
    main.o(i.Init) refers to board.o(i.Board_Init) for Board_Init
    main.o(i.Init) refers to iocon_8nxx.o(i.Chip_IOCON_SetPinConfig) for Chip_IOCON_SetPinConfig
    main.o(i.SysTick_Handler) refers to rtc_8nxx.o(i.Chip_RTC_Time_GetValue) for Chip_RTC_Time_GetValue
    main.o(i.SysTick_Handler) refers to main.o(.data) for systick_test_cnt
    main.o(i.main) refers to main.o(i.Init) for Init
    main.o(i.main) refers to clock_8nxx.o(i.Chip_Clock_System_GetClockDiv) for Chip_Clock_System_GetClockDiv
    main.o(i.main) refers to clock_8nxx.o(i.Chip_Clock_System_GetClockFreq) for Chip_Clock_System_GetClockFreq
    main.o(i.main) refers to main.o(i.Chip_GPIO_SetPinState) for Chip_GPIO_SetPinState
    main.o(i.main) refers to main.o(.data) for System_ClockDiv
    timer.o(i.RTC_IRQHandler) refers to rtc_8nxx.o(i.Chip_RTC_Int_GetRawStatus) for Chip_RTC_Int_GetRawStatus
    timer.o(i.RTC_IRQHandler) refers to rtc_8nxx.o(i.Chip_RTC_Int_ClearRawStatus) for Chip_RTC_Int_ClearRawStatus
    timer.o(i.RTC_IRQHandler) refers to rtc_8nxx.o(i.Chip_RTC_Wakeup_SetReload) for Chip_RTC_Wakeup_SetReload
    timer.o(i.RTC_IRQHandler) refers to timer.o(.data) for sMeasurementTimeoutInterruptFired
    timer.o(i.Timer_CheckMeasurementTimeout) refers to timer.o(.data) for sMeasurementTimeoutInterruptFired
    timer.o(i.Timer_Init) refers to rtc_8nxx.o(i.Chip_RTC_Init) for Chip_RTC_Init
    timer.o(i.Timer_Init) refers to rtc_8nxx.o(i.Chip_RTC_Int_SetEnabledMask) for Chip_RTC_Int_SetEnabledMask
    timer.o(i.Timer_Init) refers to timer.o(i.NVIC_EnableIRQ) for NVIC_EnableIRQ
    timer.o(i.Timer_Init) refers to timer.o(.data) for sMeasurementTimeoutInterruptFired
    timer.o(i.Timer_StartMeasurementTimeout) refers to rtc_8nxx.o(i.Chip_RTC_Wakeup_SetControl) for Chip_RTC_Wakeup_SetControl
    timer.o(i.Timer_StartMeasurementTimeout) refers to rtc_8nxx.o(i.Chip_RTC_Wakeup_GetReload) for Chip_RTC_Wakeup_GetReload
    timer.o(i.Timer_StartMeasurementTimeout) refers to rtc_8nxx.o(i.Chip_RTC_Wakeup_SetReload) for Chip_RTC_Wakeup_SetReload
    timer.o(i.Timer_StartMeasurementTimeout) refers to syscon_8nxx.o(i.Chip_SysCon_StartLogic_SetEnabledMask) for Chip_SysCon_StartLogic_SetEnabledMask
    timer.o(i.Timer_StartMeasurementTimeout) refers to syscon_8nxx.o(i.Chip_SysCon_StartLogic_ClearStatus) for Chip_SysCon_StartLogic_ClearStatus
    timer.o(i.Timer_StartMeasurementTimeout) refers to timer.o(i.NVIC_EnableIRQ) for NVIC_EnableIRQ
    timer.o(i.Timer_StartMeasurementTimeout) refers to rtc_8nxx.o(i.Chip_RTC_Int_SetEnabledMask) for Chip_RTC_Int_SetEnabledMask
    timer.o(i.Timer_StartMeasurementTimeout) refers to timer.o(.data) for sMeasurementTimeoutInterruptFired
    timer.o(i.Timer_StopMeasurementTimeout) refers to rtc_8nxx.o(i.Chip_RTC_Wakeup_SetControl) for Chip_RTC_Wakeup_SetControl
    timer.o(i.Timer_StopMeasurementTimeout) refers to rtc_8nxx.o(i.Chip_RTC_Int_SetEnabledMask) for Chip_RTC_Int_SetEnabledMask
    timer.o(i.Timer_StopMeasurementTimeout) refers to timer.o(.data) for sMeasurementTimeoutInterruptFired
    keil_startup_lpc8nxx.o(STACK) refers (Special) to heapauxi.o(.text) for __use_two_region_memory
    keil_startup_lpc8nxx.o(HEAP) refers (Special) to heapauxi.o(.text) for __use_two_region_memory
    keil_startup_lpc8nxx.o(RESET) refers (Special) to heapauxi.o(.text) for __use_two_region_memory
    keil_startup_lpc8nxx.o(RESET) refers to keil_startup_lpc8nxx.o(STACK) for __initial_sp
    keil_startup_lpc8nxx.o(RESET) refers to keil_startup_lpc8nxx.o(.text) for Reset_Handler
    keil_startup_lpc8nxx.o(RESET) refers to main.o(i.SysTick_Handler) for SysTick_Handler
    keil_startup_lpc8nxx.o(RESET) refers to timer.o(i.RTC_IRQHandler) for RTC_IRQHandler
    keil_startup_lpc8nxx.o(RESET) refers to main.o(i.CT16B0_IRQHandler) for CT16B0_IRQHandler
    keil_startup_lpc8nxx.o(RESET) refers to main.o(i.CT32B0_IRQHandler) for CT32B0_IRQHandler
    keil_startup_lpc8nxx.o(.text) refers (Special) to heapauxi.o(.text) for __use_two_region_memory
    keil_startup_lpc8nxx.o(.text) refers to __main.o(!!!main) for __main
    keil_startup_lpc8nxx.o(.text) refers to keil_startup_lpc8nxx.o(HEAP) for Heap_Mem
    keil_startup_lpc8nxx.o(.text) refers to keil_startup_lpc8nxx.o(STACK) for Stack_Mem
    clock_8nxx.o(i.Chip_Clock_SPI0_GetClockFreq) refers to clock_8nxx.o(i.Chip_Clock_SPI0_GetClockDiv) for Chip_Clock_SPI0_GetClockDiv
    clock_8nxx.o(i.Chip_Clock_SPI0_GetClockFreq) refers to aeabi_sdiv.o(.text) for __aeabi_idivmod
    clock_8nxx.o(i.Chip_Clock_SPI0_SetClockFreq) refers to aeabi_sdiv.o(.text) for __aeabi_idivmod
    clock_8nxx.o(i.Chip_Clock_SPI0_SetClockFreq) refers to clock_8nxx.o(i.Chip_Clock_SPI0_SetClockDiv) for Chip_Clock_SPI0_SetClockDiv
    clock_8nxx.o(i.Chip_Clock_System_BusyWait_us) refers to clock_8nxx.o(i.Chip_Clock_System_GetClockFreq) for Chip_Clock_System_GetClockFreq
    clock_8nxx.o(i.Chip_Clock_System_BusyWait_us) refers to aeabi_sdiv.o(.text) for __aeabi_idivmod
    clock_8nxx.o(i.Chip_Clock_System_GetClockFreq) refers to clock_8nxx.o(i.Chip_Clock_System_GetClockDiv) for Chip_Clock_System_GetClockDiv
    clock_8nxx.o(i.Chip_Clock_System_GetClockFreq) refers to aeabi_sdiv.o(.text) for __aeabi_idivmod
    clock_8nxx.o(i.Chip_Clock_System_SetClockDiv) refers to flash_8nxx.o(i.Chip_Flash_GetHighPowerMode) for Chip_Flash_GetHighPowerMode
    clock_8nxx.o(i.Chip_Clock_System_SetClockDiv) refers to flash_8nxx.o(i.Chip_Flash_GetNumWaitStates) for Chip_Flash_GetNumWaitStates
    clock_8nxx.o(i.Chip_Clock_System_SetClockFreq) refers to aeabi_sdiv.o(.text) for __aeabi_idivmod
    clock_8nxx.o(i.Chip_Clock_System_SetClockFreq) refers to clock_8nxx.o(i.Chip_Clock_System_SetClockDiv) for Chip_Clock_System_SetClockDiv
    clock_8nxx.o(i.Chip_Clock_Watchdog_GetClockFreq) refers to clock_8nxx.o(i.Chip_Clock_Watchdog_GetClockDiv) for Chip_Clock_Watchdog_GetClockDiv
    clock_8nxx.o(i.Chip_Clock_Watchdog_GetClockFreq) refers to aeabi_sdiv.o(.text) for __aeabi_idivmod
    clock_8nxx.o(i.Chip_Clock_Watchdog_SetClockFreq) refers to aeabi_sdiv.o(.text) for __aeabi_idivmod
    clock_8nxx.o(i.Chip_Clock_Watchdog_SetClockFreq) refers to clock_8nxx.o(i.Chip_Clock_Watchdog_SetClockDiv) for Chip_Clock_Watchdog_SetClockDiv
    iocon_8nxx.o(i.Chip_IOCON_DeInit) refers to clock_8nxx.o(i.Chip_Clock_Peripheral_DisableClock) for Chip_Clock_Peripheral_DisableClock
    iocon_8nxx.o(i.Chip_IOCON_Init) refers to clock_8nxx.o(i.Chip_Clock_Peripheral_EnableClock) for Chip_Clock_Peripheral_EnableClock
    rtc_8nxx.o(i.Chip_RTC_DeInit) refers to bussync_8nxx.o(i.Chip_BusSync_WriteReg) for Chip_BusSync_WriteReg
    rtc_8nxx.o(i.Chip_RTC_DeInit) refers to clock_8nxx.o(i.Chip_Clock_Peripheral_DisableClock) for Chip_Clock_Peripheral_DisableClock
    rtc_8nxx.o(i.Chip_RTC_DeInit) refers to rtc_8nxx.o(.data) for .data
    rtc_8nxx.o(i.Chip_RTC_GetCalibration) refers to bussync_8nxx.o(i.Chip_BusSync_ReadReg) for Chip_BusSync_ReadReg
    rtc_8nxx.o(i.Chip_RTC_GetCalibration) refers to rtc_8nxx.o(.data) for .data
    rtc_8nxx.o(i.Chip_RTC_Init) refers to clock_8nxx.o(i.Chip_Clock_Peripheral_EnableClock) for Chip_Clock_Peripheral_EnableClock
    rtc_8nxx.o(i.Chip_RTC_Int_ClearRawStatus) refers to bussync_8nxx.o(i.Chip_BusSync_WriteReg) for Chip_BusSync_WriteReg
    rtc_8nxx.o(i.Chip_RTC_Int_ClearRawStatus) refers to rtc_8nxx.o(.data) for .data
    rtc_8nxx.o(i.Chip_RTC_Int_GetEnabledMask) refers to bussync_8nxx.o(i.Chip_BusSync_ReadReg) for Chip_BusSync_ReadReg
    rtc_8nxx.o(i.Chip_RTC_Int_GetEnabledMask) refers to rtc_8nxx.o(.data) for .data
    rtc_8nxx.o(i.Chip_RTC_Int_GetRawStatus) refers to bussync_8nxx.o(i.Chip_BusSync_ReadReg) for Chip_BusSync_ReadReg
    rtc_8nxx.o(i.Chip_RTC_Int_GetRawStatus) refers to rtc_8nxx.o(.data) for .data
    rtc_8nxx.o(i.Chip_RTC_Int_SetEnabledMask) refers to bussync_8nxx.o(i.Chip_BusSync_WriteReg) for Chip_BusSync_WriteReg
    rtc_8nxx.o(i.Chip_RTC_Int_SetEnabledMask) refers to rtc_8nxx.o(.data) for .data
    rtc_8nxx.o(i.Chip_RTC_SetCalibration) refers to bussync_8nxx.o(i.Chip_BusSync_WriteReg) for Chip_BusSync_WriteReg
    rtc_8nxx.o(i.Chip_RTC_SetCalibration) refers to rtc_8nxx.o(.data) for .data
    rtc_8nxx.o(i.Chip_RTC_Time_GetValue) refers to bussync_8nxx.o(i.Chip_BusSync_ReadReg) for Chip_BusSync_ReadReg
    rtc_8nxx.o(i.Chip_RTC_Time_GetValue) refers to rtc_8nxx.o(.data) for .data
    rtc_8nxx.o(i.Chip_RTC_Time_SetValue) refers to bussync_8nxx.o(i.Chip_BusSync_WriteReg) for Chip_BusSync_WriteReg
    rtc_8nxx.o(i.Chip_RTC_Time_SetValue) refers to rtc_8nxx.o(.data) for .data
    rtc_8nxx.o(i.Chip_RTC_Wakeup_GetControl) refers to bussync_8nxx.o(i.Chip_BusSync_ReadReg) for Chip_BusSync_ReadReg
    rtc_8nxx.o(i.Chip_RTC_Wakeup_GetControl) refers to rtc_8nxx.o(.data) for .data
    rtc_8nxx.o(i.Chip_RTC_Wakeup_GetReload) refers to bussync_8nxx.o(i.Chip_BusSync_ReadReg) for Chip_BusSync_ReadReg
    rtc_8nxx.o(i.Chip_RTC_Wakeup_GetReload) refers to rtc_8nxx.o(.data) for .data
    rtc_8nxx.o(i.Chip_RTC_Wakeup_GetRemaining) refers to bussync_8nxx.o(i.Chip_BusSync_ReadReg) for Chip_BusSync_ReadReg
    rtc_8nxx.o(i.Chip_RTC_Wakeup_GetRemaining) refers to rtc_8nxx.o(.data) for .data
    rtc_8nxx.o(i.Chip_RTC_Wakeup_IsRunning) refers to bussync_8nxx.o(i.Chip_BusSync_WriteReg) for Chip_BusSync_WriteReg
    rtc_8nxx.o(i.Chip_RTC_Wakeup_IsRunning) refers to bussync_8nxx.o(i.Chip_BusSync_ReadReg) for Chip_BusSync_ReadReg
    rtc_8nxx.o(i.Chip_RTC_Wakeup_IsRunning) refers to rtc_8nxx.o(.data) for .data
    rtc_8nxx.o(i.Chip_RTC_Wakeup_SetControl) refers to bussync_8nxx.o(i.Chip_BusSync_WriteReg) for Chip_BusSync_WriteReg
    rtc_8nxx.o(i.Chip_RTC_Wakeup_SetControl) refers to rtc_8nxx.o(.data) for .data
    rtc_8nxx.o(i.Chip_RTC_Wakeup_SetReload) refers to bussync_8nxx.o(i.Chip_BusSync_WriteReg) for Chip_BusSync_WriteReg
    rtc_8nxx.o(i.Chip_RTC_Wakeup_SetReload) refers to rtc_8nxx.o(.data) for .data
    timer_8nxx.o(i.Chip_TIMER_DeInit) refers to clock_8nxx.o(i.Chip_Clock_Peripheral_DisableClock) for Chip_Clock_Peripheral_DisableClock
    timer_8nxx.o(i.Chip_TIMER_Init) refers to clock_8nxx.o(i.Chip_Clock_Peripheral_EnableClock) for Chip_Clock_Peripheral_EnableClock
    board.o(i.Board_Init) refers to iocon_8nxx.o(i.Chip_IOCON_Init) for Chip_IOCON_Init
    board.o(i.Board_Init) refers to gpio_8nxx.o(i.Chip_GPIO_Init) for Chip_GPIO_Init
    bussync_8nxx.o(i.Chip_BusSync_ReadReg) refers to bussync_8nxx.o(i.Chip_BusSync_WaitSync) for Chip_BusSync_WaitSync
    bussync_8nxx.o(i.Chip_BusSync_WriteReg) refers to bussync_8nxx.o(i.Chip_BusSync_WaitSync) for Chip_BusSync_WaitSync
    flash_8nxx.o(i.Chip_Flash_SetHighPowerMode) refers to clock_8nxx.o(i.Chip_Clock_System_GetClockDiv) for Chip_Clock_System_GetClockDiv
    flash_8nxx.o(i.Chip_Flash_SetHighPowerMode) refers to flash_8nxx.o(i.Chip_Flash_GetNumWaitStates) for Chip_Flash_GetNumWaitStates
    flash_8nxx.o(i.Chip_Flash_SetNumWaitStates) refers to clock_8nxx.o(i.Chip_Clock_System_GetClockDiv) for Chip_Clock_System_GetClockDiv
    flash_8nxx.o(i.Chip_Flash_SetNumWaitStates) refers to flash_8nxx.o(i.Chip_Flash_GetHighPowerMode) for Chip_Flash_GetHighPowerMode
    gpio_8nxx.o(i.Chip_GPIO_DeInit) refers to clock_8nxx.o(i.Chip_Clock_Peripheral_DisableClock) for Chip_Clock_Peripheral_DisableClock
    gpio_8nxx.o(i.Chip_GPIO_Init) refers to clock_8nxx.o(i.Chip_Clock_Peripheral_EnableClock) for Chip_Clock_Peripheral_EnableClock
    __main.o(!!!main) refers to __rtentry.o(.ARM.Collect$$rtentry$$00000000) for __rt_entry
    __rtentry.o(.ARM.Collect$$rtentry$$00000000) refers (Special) to __rtentry2.o(.ARM.Collect$$rtentry$$0000000A) for __rt_entry_li
    __rtentry.o(.ARM.Collect$$rtentry$$00000000) refers (Special) to __rtentry2.o(.ARM.Collect$$rtentry$$0000000D) for __rt_entry_main
    __rtentry.o(.ARM.Collect$$rtentry$$00000000) refers (Special) to __rtentry2.o(.ARM.Collect$$rtentry$$0000000C) for __rt_entry_postli_1
    __rtentry.o(.ARM.Collect$$rtentry$$00000000) refers (Special) to __rtentry2.o(.ARM.Collect$$rtentry$$00000009) for __rt_entry_postsh_1
    __rtentry.o(.ARM.Collect$$rtentry$$00000000) refers (Special) to __rtentry2.o(.ARM.Collect$$rtentry$$00000002) for __rt_entry_presh_1
    __rtentry.o(.ARM.Collect$$rtentry$$00000000) refers (Special) to __rtentry4.o(.ARM.Collect$$rtentry$$00000004) for __rt_entry_sh
    aeabi_idiv0_sigfpe.o(.text) refers to rt_div0.o(.text) for __rt_div0
    __rtentry2.o(.ARM.Collect$$rtentry$$00000008) refers to boardinit2.o(.text) for _platform_post_stackheap_init
    __rtentry2.o(.ARM.Collect$$rtentry$$0000000A) refers to libinit.o(.ARM.Collect$$libinit$$00000000) for __rt_lib_init
    __rtentry2.o(.ARM.Collect$$rtentry$$0000000B) refers to boardinit3.o(.text) for _platform_post_lib_init
    __rtentry2.o(.ARM.Collect$$rtentry$$0000000D) refers to main.o(i.main) for main
    __rtentry2.o(.ARM.Collect$$rtentry$$0000000D) refers to exit.o(.text) for exit
    __rtentry2.o(.ARM.exidx) refers to __rtentry2.o(.ARM.Collect$$rtentry$$00000001) for .ARM.Collect$$rtentry$$00000001
    __rtentry2.o(.ARM.exidx) refers to __rtentry2.o(.ARM.Collect$$rtentry$$00000008) for .ARM.Collect$$rtentry$$00000008
    __rtentry2.o(.ARM.exidx) refers to __rtentry2.o(.ARM.Collect$$rtentry$$0000000A) for .ARM.Collect$$rtentry$$0000000A
    __rtentry2.o(.ARM.exidx) refers to __rtentry2.o(.ARM.Collect$$rtentry$$0000000B) for .ARM.Collect$$rtentry$$0000000B
    __rtentry2.o(.ARM.exidx) refers to __rtentry2.o(.ARM.Collect$$rtentry$$0000000D) for .ARM.Collect$$rtentry$$0000000D
    __rtentry4.o(.ARM.Collect$$rtentry$$00000004) refers to sys_stackheap_outer.o(.text) for __user_setup_stackheap
    __rtentry4.o(.ARM.exidx) refers to __rtentry4.o(.ARM.Collect$$rtentry$$00000004) for .ARM.Collect$$rtentry$$00000004
    rt_div0.o(.text) refers to defsig_fpe_outer.o(.text) for __rt_SIGFPE
    sys_stackheap_outer.o(.text) refers to libspace.o(.text) for __user_perproc_libspace
    sys_stackheap_outer.o(.text) refers to keil_startup_lpc8nxx.o(.text) for __user_initial_stackheap
    sys_stackheap_outer.o(__vectab_stack_and_reset_area) refers to tempstk.o(.text) for __temporary_stack_top
    sys_stackheap_outer.o(__vectab_stack_and_reset_area) refers to __main.o(!!!main) for __main
    exit.o(.text) refers to rtexit.o(.ARM.Collect$$rtexit$$00000000) for __rt_exit
    defsig_fpe_outer.o(.text) refers to defsig_fpe_inner.o(.text) for __rt_SIGFPE_inner
    defsig_fpe_outer.o(.text) refers to defsig_exit.o(.text) for __sig_exit
    defsig_fpe_formal.o(.text) refers to rt_raise.o(.text) for __rt_raise
    libinit.o(.ARM.Collect$$libinit$$00000000) refers (Special) to libinit2.o(.ARM.Collect$$libinit$$0000002E) for __rt_lib_init_alloca_1
    libinit.o(.ARM.Collect$$libinit$$00000000) refers (Special) to libinit2.o(.ARM.Collect$$libinit$$0000002C) for __rt_lib_init_argv_1
    libinit.o(.ARM.Collect$$libinit$$00000000) refers (Special) to libinit2.o(.ARM.Collect$$libinit$$0000001B) for __rt_lib_init_atexit_1
    libinit.o(.ARM.Collect$$libinit$$00000000) refers (Special) to libinit2.o(.ARM.Collect$$libinit$$00000021) for __rt_lib_init_clock_1
    libinit.o(.ARM.Collect$$libinit$$00000000) refers (Special) to libinit2.o(.ARM.Collect$$libinit$$00000032) for __rt_lib_init_cpp_1
    libinit.o(.ARM.Collect$$libinit$$00000000) refers (Special) to libinit2.o(.ARM.Collect$$libinit$$00000030) for __rt_lib_init_exceptions_1
    libinit.o(.ARM.Collect$$libinit$$00000000) refers (Special) to libinit2.o(.ARM.Collect$$libinit$$00000002) for __rt_lib_init_fp_1
    libinit.o(.ARM.Collect$$libinit$$00000000) refers (Special) to libinit2.o(.ARM.Collect$$libinit$$0000001F) for __rt_lib_init_fp_trap_1
    libinit.o(.ARM.Collect$$libinit$$00000000) refers (Special) to libinit2.o(.ARM.Collect$$libinit$$00000023) for __rt_lib_init_getenv_1
    libinit.o(.ARM.Collect$$libinit$$00000000) refers (Special) to libinit2.o(.ARM.Collect$$libinit$$0000000A) for __rt_lib_init_heap_1
    libinit.o(.ARM.Collect$$libinit$$00000000) refers (Special) to libinit2.o(.ARM.Collect$$libinit$$00000011) for __rt_lib_init_lc_collate_1
    libinit.o(.ARM.Collect$$libinit$$00000000) refers (Special) to libinit2.o(.ARM.Collect$$libinit$$00000013) for __rt_lib_init_lc_ctype_1
    libinit.o(.ARM.Collect$$libinit$$00000000) refers (Special) to libinit2.o(.ARM.Collect$$libinit$$00000015) for __rt_lib_init_lc_monetary_1
    libinit.o(.ARM.Collect$$libinit$$00000000) refers (Special) to libinit2.o(.ARM.Collect$$libinit$$00000017) for __rt_lib_init_lc_numeric_1
    libinit.o(.ARM.Collect$$libinit$$00000000) refers (Special) to libinit2.o(.ARM.Collect$$libinit$$00000019) for __rt_lib_init_lc_time_1
    libinit.o(.ARM.Collect$$libinit$$00000000) refers (Special) to libinit2.o(.ARM.Collect$$libinit$$00000004) for __rt_lib_init_preinit_1
    libinit.o(.ARM.Collect$$libinit$$00000000) refers (Special) to libinit2.o(.ARM.Collect$$libinit$$0000000E) for __rt_lib_init_rand_1
    libinit.o(.ARM.Collect$$libinit$$00000000) refers (Special) to libinit2.o(.ARM.Collect$$libinit$$00000033) for __rt_lib_init_return
    libinit.o(.ARM.Collect$$libinit$$00000000) refers (Special) to libinit2.o(.ARM.Collect$$libinit$$0000001D) for __rt_lib_init_signal_1
    libinit.o(.ARM.Collect$$libinit$$00000000) refers (Special) to libinit2.o(.ARM.Collect$$libinit$$00000025) for __rt_lib_init_stdio_1
    libinit.o(.ARM.Collect$$libinit$$00000000) refers (Special) to libinit2.o(.ARM.Collect$$libinit$$0000000C) for __rt_lib_init_user_alloc_1
    libspace.o(.text) refers to libspace.o(.bss) for __libspace_start
    rtexit.o(.ARM.Collect$$rtexit$$00000000) refers (Special) to rtexit2.o(.ARM.Collect$$rtexit$$00000004) for __rt_exit_exit
    rtexit.o(.ARM.Collect$$rtexit$$00000000) refers (Special) to rtexit2.o(.ARM.Collect$$rtexit$$00000003) for __rt_exit_ls
    rtexit.o(.ARM.Collect$$rtexit$$00000000) refers (Special) to rtexit2.o(.ARM.Collect$$rtexit$$00000002) for __rt_exit_prels_1
    rtexit.o(.ARM.exidx) refers (Special) to rtexit2.o(.ARM.Collect$$rtexit$$00000004) for __rt_exit_exit
    rtexit.o(.ARM.exidx) refers (Special) to rtexit2.o(.ARM.Collect$$rtexit$$00000003) for __rt_exit_ls
    rtexit.o(.ARM.exidx) refers (Special) to rtexit2.o(.ARM.Collect$$rtexit$$00000002) for __rt_exit_prels_1
    rtexit.o(.ARM.exidx) refers to rtexit.o(.ARM.Collect$$rtexit$$00000000) for .ARM.Collect$$rtexit$$00000000
    rt_raise.o(.text) refers to __raise.o(.text) for __raise
    rt_raise.o(.text) refers to sys_exit.o(.text) for _sys_exit
    defsig_exit.o(.text) refers to sys_exit.o(.text) for _sys_exit
    defsig_fpe_inner.o(.text) refers to defsig_general.o(.text) for __default_signal_display
    libinit2.o(.ARM.Collect$$libinit$$00000010) refers to libinit2.o(.ARM.Collect$$libinit$$0000000F) for .ARM.Collect$$libinit$$0000000F
    libinit2.o(.ARM.Collect$$libinit$$00000012) refers to libinit2.o(.ARM.Collect$$libinit$$0000000F) for .ARM.Collect$$libinit$$0000000F
    libinit2.o(.ARM.Collect$$libinit$$00000014) refers to libinit2.o(.ARM.Collect$$libinit$$0000000F) for .ARM.Collect$$libinit$$0000000F
    libinit2.o(.ARM.Collect$$libinit$$00000016) refers to libinit2.o(.ARM.Collect$$libinit$$0000000F) for .ARM.Collect$$libinit$$0000000F
    libinit2.o(.ARM.Collect$$libinit$$00000018) refers to libinit2.o(.ARM.Collect$$libinit$$0000000F) for .ARM.Collect$$libinit$$0000000F
    libinit2.o(.ARM.Collect$$libinit$$00000026) refers to argv_veneer.o(.text) for __ARM_argv_veneer
    libinit2.o(.ARM.Collect$$libinit$$00000027) refers to argv_veneer.o(.text) for __ARM_argv_veneer
    sys_exit.o(.text) refers (Special) to use_no_semi.o(.text) for __I$use$semihosting
    sys_exit.o(.text) refers (Special) to indicate_semi.o(.text) for __semihosting_library_function
    rtexit2.o(.ARM.Collect$$rtexit$$00000003) refers to libshutdown.o(.ARM.Collect$$libshutdown$$00000000) for __rt_lib_shutdown
    rtexit2.o(.ARM.Collect$$rtexit$$00000004) refers to sys_exit.o(.text) for _sys_exit
    rtexit2.o(.ARM.exidx) refers to rtexit2.o(.ARM.Collect$$rtexit$$00000001) for .ARM.Collect$$rtexit$$00000001
    rtexit2.o(.ARM.exidx) refers to rtexit2.o(.ARM.Collect$$rtexit$$00000003) for .ARM.Collect$$rtexit$$00000003
    rtexit2.o(.ARM.exidx) refers to rtexit2.o(.ARM.Collect$$rtexit$$00000004) for .ARM.Collect$$rtexit$$00000004
    __raise.o(.text) refers to defsig.o(CL$$defsig) for __default_signal_handler
    defsig_general.o(.text) refers to sys_wrch.o(.text) for _ttywrch
    sys_wrch.o(.text) refers (Special) to use_no_semi.o(.text) for __I$use$semihosting
    sys_wrch.o(.text) refers (Special) to indicate_semi.o(.text) for __semihosting_library_function
    defsig.o(CL$$defsig) refers to defsig_fpe_inner.o(.text) for __rt_SIGFPE_inner
    defsig.o(CL$$defsig) refers to defsig_rtmem_inner.o(.text) for __rt_SIGRTMEM_inner
    _get_argv_nomalloc.o(.text) refers (Special) to hrguard.o(.text) for __heap_region$guard
    _get_argv_nomalloc.o(.text) refers to defsig_rtmem_outer.o(.text) for __rt_SIGRTMEM
    _get_argv_nomalloc.o(.text) refers to sys_command.o(.text) for _sys_command_string
    libshutdown.o(.ARM.Collect$$libshutdown$$00000000) refers (Special) to libshutdown2.o(.ARM.Collect$$libshutdown$$00000002) for __rt_lib_shutdown_cpp_1
    libshutdown.o(.ARM.Collect$$libshutdown$$00000000) refers (Special) to libshutdown2.o(.ARM.Collect$$libshutdown$$00000007) for __rt_lib_shutdown_fp_trap_1
    libshutdown.o(.ARM.Collect$$libshutdown$$00000000) refers (Special) to libshutdown2.o(.ARM.Collect$$libshutdown$$0000000F) for __rt_lib_shutdown_heap_1
    libshutdown.o(.ARM.Collect$$libshutdown$$00000000) refers (Special) to libshutdown2.o(.ARM.Collect$$libshutdown$$00000010) for __rt_lib_shutdown_return
    libshutdown.o(.ARM.Collect$$libshutdown$$00000000) refers (Special) to libshutdown2.o(.ARM.Collect$$libshutdown$$0000000A) for __rt_lib_shutdown_signal_1
    libshutdown.o(.ARM.Collect$$libshutdown$$00000000) refers (Special) to libshutdown2.o(.ARM.Collect$$libshutdown$$00000004) for __rt_lib_shutdown_stdio_1
    libshutdown.o(.ARM.Collect$$libshutdown$$00000000) refers (Special) to libshutdown2.o(.ARM.Collect$$libshutdown$$0000000C) for __rt_lib_shutdown_user_alloc_1
    sys_command.o(.text) refers (Special) to use_no_semi.o(.text) for __I$use$semihosting
    sys_command.o(.text) refers (Special) to indicate_semi.o(.text) for __semihosting_library_function
    defsig_abrt_inner.o(.text) refers to defsig_general.o(.text) for __default_signal_display
    defsig_rtred_inner.o(.text) refers to defsig_general.o(.text) for __default_signal_display
    defsig_rtmem_inner.o(.text) refers to defsig_general.o(.text) for __default_signal_display
    defsig_rtmem_outer.o(.text) refers to defsig_rtmem_inner.o(.text) for __rt_SIGRTMEM_inner
    defsig_rtmem_outer.o(.text) refers to defsig_exit.o(.text) for __sig_exit
    defsig_rtmem_formal.o(.text) refers to rt_raise.o(.text) for __rt_raise
    defsig_stak_inner.o(.text) refers to defsig_general.o(.text) for __default_signal_display
    defsig_pvfn_inner.o(.text) refers to defsig_general.o(.text) for __default_signal_display
    defsig_cppl_inner.o(.text) refers to defsig_general.o(.text) for __default_signal_display
    defsig_segv_inner.o(.text) refers to defsig_general.o(.text) for __default_signal_display
    defsig_other.o(.text) refers to defsig_general.o(.text) for __default_signal_display


==============================================================================

Removing Unused input sections from the image.

    Removing main.o(.rev16_text), (4 bytes).
    Removing main.o(.revsh_text), (4 bytes).
    Removing timer.o(.rev16_text), (4 bytes).
    Removing timer.o(.revsh_text), (4 bytes).
    Removing timer.o(i.NVIC_EnableIRQ), (20 bytes).
    Removing timer.o(i.Timer_CheckMeasurementTimeout), (12 bytes).
    Removing timer.o(i.Timer_Init), (40 bytes).
    Removing timer.o(i.Timer_StartMeasurementTimeout), (92 bytes).
    Removing timer.o(i.Timer_StopMeasurementTimeout), (52 bytes).
    Removing clock_8nxx.o(.rev16_text), (4 bytes).
    Removing clock_8nxx.o(.revsh_text), (4 bytes).
    Removing clock_8nxx.o(i.Chip_Clock_Clkout_GetClockSource), (16 bytes).
    Removing clock_8nxx.o(i.Chip_Clock_Clkout_SetClockSource), (16 bytes).
    Removing clock_8nxx.o(i.Chip_Clock_Peripheral_GetClockEnabled), (20 bytes).
    Removing clock_8nxx.o(i.Chip_Clock_Peripheral_SetClockEnabled), (20 bytes).
    Removing clock_8nxx.o(i.Chip_Clock_SPI0_GetClockDiv), (20 bytes).
    Removing clock_8nxx.o(i.Chip_Clock_SPI0_GetClockFreq), (24 bytes).
    Removing clock_8nxx.o(i.Chip_Clock_SPI0_SetClockDiv), (32 bytes).
    Removing clock_8nxx.o(i.Chip_Clock_SPI0_SetClockFreq), (32 bytes).
    Removing clock_8nxx.o(i.Chip_Clock_System_BusyWait_us), (72 bytes).
    Removing clock_8nxx.o(i.Chip_Clock_Watchdog_GetClockDiv), (20 bytes).
    Removing clock_8nxx.o(i.Chip_Clock_Watchdog_GetClockFreq), (24 bytes).
    Removing clock_8nxx.o(i.Chip_Clock_Watchdog_GetClockSource), (16 bytes).
    Removing clock_8nxx.o(i.Chip_Clock_Watchdog_SetClockDiv), (44 bytes).
    Removing clock_8nxx.o(i.Chip_Clock_Watchdog_SetClockFreq), (32 bytes).
    Removing clock_8nxx.o(i.Chip_Clock_Watchdog_SetClockSource), (24 bytes).
    Removing iocon_8nxx.o(.rev16_text), (4 bytes).
    Removing iocon_8nxx.o(.revsh_text), (4 bytes).
    Removing iocon_8nxx.o(i.Chip_IOCON_DeInit), (12 bytes).
    Removing iocon_8nxx.o(i.Chip_IOCON_GetAnabusGrounded), (10 bytes).
    Removing iocon_8nxx.o(i.Chip_IOCON_GetPinConfig), (10 bytes).
    Removing iocon_8nxx.o(i.Chip_IOCON_GroundAnabus), (14 bytes).
    Removing iocon_8nxx.o(i.Chip_IOCON_SetAnabusGrounded), (10 bytes).
    Removing iocon_8nxx.o(i.Chip_IOCON_UngroundAnabus), (14 bytes).
    Removing rtc_8nxx.o(.rev16_text), (4 bytes).
    Removing rtc_8nxx.o(.revsh_text), (4 bytes).
    Removing rtc_8nxx.o(i.Chip_RTC_GetCalibration), (28 bytes).
    Removing rtc_8nxx.o(i.Chip_RTC_Init), (12 bytes).
    Removing rtc_8nxx.o(i.Chip_RTC_Int_GetEnabledMask), (28 bytes).
    Removing rtc_8nxx.o(i.Chip_RTC_SetCalibration), (28 bytes).
    Removing rtc_8nxx.o(i.Chip_RTC_Time_SetValue), (28 bytes).
    Removing rtc_8nxx.o(i.Chip_RTC_Wakeup_GetControl), (28 bytes).
    Removing rtc_8nxx.o(i.Chip_RTC_Wakeup_GetReload), (28 bytes).
    Removing rtc_8nxx.o(i.Chip_RTC_Wakeup_GetRemaining), (28 bytes).
    Removing rtc_8nxx.o(i.Chip_RTC_Wakeup_IsRunning), (44 bytes).
    Removing rtc_8nxx.o(i.Chip_RTC_Wakeup_SetControl), (28 bytes).
    Removing syscon_8nxx.o(.rev16_text), (4 bytes).
    Removing syscon_8nxx.o(.revsh_text), (4 bytes).
    Removing syscon_8nxx.o(i.Chip_SysCon_GetDeviceID), (12 bytes).
    Removing syscon_8nxx.o(i.Chip_SysCon_IVT_GetAddress), (28 bytes).
    Removing syscon_8nxx.o(i.Chip_SysCon_IVT_SetAddress), (52 bytes).
    Removing syscon_8nxx.o(i.Chip_SysCon_Peripheral_AssertReset), (20 bytes).
    Removing syscon_8nxx.o(i.Chip_SysCon_Peripheral_DeassertReset), (20 bytes).
    Removing syscon_8nxx.o(i.Chip_SysCon_Peripheral_DisablePower), (20 bytes).
    Removing syscon_8nxx.o(i.Chip_SysCon_Peripheral_EnablePower), (20 bytes).
    Removing syscon_8nxx.o(i.Chip_SysCon_Peripheral_GetPowerDisabled), (16 bytes).
    Removing syscon_8nxx.o(i.Chip_SysCon_Peripheral_SetPowerDisabled), (16 bytes).
    Removing syscon_8nxx.o(i.Chip_SysCon_Reset_ClearSource), (12 bytes).
    Removing syscon_8nxx.o(i.Chip_SysCon_Reset_GetSource), (16 bytes).
    Removing syscon_8nxx.o(i.Chip_SysCon_StartLogic_ClearStatus), (20 bytes).
    Removing syscon_8nxx.o(i.Chip_SysCon_StartLogic_GetEnabledMask), (16 bytes).
    Removing syscon_8nxx.o(i.Chip_SysCon_StartLogic_GetPIORisingEdge), (16 bytes).
    Removing syscon_8nxx.o(i.Chip_SysCon_StartLogic_GetStatus), (16 bytes).
    Removing syscon_8nxx.o(i.Chip_SysCon_StartLogic_SetEnabledMask), (16 bytes).
    Removing syscon_8nxx.o(i.Chip_SysCon_StartLogic_SetPIORisingEdge), (16 bytes).
    Removing timer_8nxx.o(.rev16_text), (4 bytes).
    Removing timer_8nxx.o(.revsh_text), (4 bytes).
    Removing timer_8nxx.o(i.Chip_TIMER_DeInit), (10 bytes).
    Removing timer_8nxx.o(i.Chip_TIMER_ExtMatchControlSet), (34 bytes).
    Removing timer_8nxx.o(i.Chip_TIMER_GetMatchOutputMode), (18 bytes).
    Removing timer_8nxx.o(i.Chip_TIMER_Reset), (24 bytes).
    Removing timer_8nxx.o(i.Chip_TIMER_SetMatchOutputMode), (22 bytes).
    Removing board.o(.rev16_text), (4 bytes).
    Removing board.o(.revsh_text), (4 bytes).
    Removing bussync_8nxx.o(.rev16_text), (4 bytes).
    Removing bussync_8nxx.o(.revsh_text), (4 bytes).
    Removing flash_8nxx.o(.rev16_text), (4 bytes).
    Removing flash_8nxx.o(.revsh_text), (4 bytes).
    Removing flash_8nxx.o(i.Chip_Flash_SetHighPowerMode), (52 bytes).
    Removing flash_8nxx.o(i.Chip_Flash_SetNumWaitStates), (44 bytes).
    Removing gpio_8nxx.o(.rev16_text), (4 bytes).
    Removing gpio_8nxx.o(.revsh_text), (4 bytes).
    Removing gpio_8nxx.o(i.Chip_GPIO_DeInit), (10 bytes).
    Removing gpio_8nxx.o(i.Chip_GPIO_SetPinDIR), (30 bytes).
    Removing gpio_8nxx.o(i.Chip_GPIO_SetPortDIR), (26 bytes).
    Removing gpio_8nxx.o(i.Chip_GPIO_SetupPinInt), (64 bytes).

86 unused section(s) (total 1732 bytes) removed from the image.

==============================================================================

Image Symbol Table

    Local Symbols

    Symbol Name                              Value     Ov Type        Size  Object(Section)

    RESET                                    0x00000000   Section      192  keil_startup_lpc8nxx.o(RESET)
    ../clib/angel/boardlib.s                 0x00000000   Number         0  boardinit2.o ABSOLUTE
    ../clib/angel/boardlib.s                 0x00000000   Number         0  boardinit1.o ABSOLUTE
    ../clib/angel/boardlib.s                 0x00000000   Number         0  boardshut.o ABSOLUTE
    ../clib/angel/boardlib.s                 0x00000000   Number         0  boardinit3.o ABSOLUTE
    ../clib/angel/handlers.s                 0x00000000   Number         0  __scatter_copy.o ABSOLUTE
    ../clib/angel/handlers.s                 0x00000000   Number         0  __scatter_zi.o ABSOLUTE
    ../clib/angel/kernel.s                   0x00000000   Number         0  rtexit.o ABSOLUTE
    ../clib/angel/kernel.s                   0x00000000   Number         0  __rtentry2.o ABSOLUTE
    ../clib/angel/kernel.s                   0x00000000   Number         0  __rtentry4.o ABSOLUTE
    ../clib/angel/kernel.s                   0x00000000   Number         0  rtexit2.o ABSOLUTE
    ../clib/angel/kernel.s                   0x00000000   Number         0  __rtentry.o ABSOLUTE
    ../clib/angel/rt.s                       0x00000000   Number         0  rt_div0.o ABSOLUTE
    ../clib/angel/rt.s                       0x00000000   Number         0  rt_raise.o ABSOLUTE
    ../clib/angel/rt.s                       0x00000000   Number         0  aeabi_idiv0.o ABSOLUTE
    ../clib/angel/rt.s                       0x00000000   Number         0  aeabi_idiv0_sigfpe.o ABSOLUTE
    ../clib/angel/scatterp.s                 0x00000000   Number         0  __scatter.o ABSOLUTE
    ../clib/angel/startup.s                  0x00000000   Number         0  __main.o ABSOLUTE
    ../clib/angel/sys.s                      0x00000000   Number         0  sys_stackheap_outer.o ABSOLUTE
    ../clib/angel/sys.s                      0x00000000   Number         0  tempstk.o ABSOLUTE
    ../clib/angel/sys.s                      0x00000000   Number         0  libspace.o ABSOLUTE
    ../clib/angel/sys.s                      0x00000000   Number         0  use_no_semi.o ABSOLUTE
    ../clib/angel/sys.s                      0x00000000   Number         0  indicate_semi.o ABSOLUTE
    ../clib/angel/sysapp.c                   0x00000000   Number         0  sys_exit.o ABSOLUTE
    ../clib/angel/sysapp.c                   0x00000000   Number         0  sys_command.o ABSOLUTE
    ../clib/angel/sysapp.c                   0x00000000   Number         0  sys_wrch.o ABSOLUTE
    ../clib/armsys.c                         0x00000000   Number         0  no_argv.o ABSOLUTE
    ../clib/armsys.c                         0x00000000   Number         0  _get_argv_nomalloc.o ABSOLUTE
    ../clib/armsys.c                         0x00000000   Number         0  argv_veneer.o ABSOLUTE
    ../clib/division.s                       0x00000000   Number         0  aeabi_sdiv.o ABSOLUTE
    ../clib/division.s                       0x00000000   Number         0  aeabi_sdiv_div0.o ABSOLUTE
    ../clib/heapalloc.c                      0x00000000   Number         0  hrguard.o ABSOLUTE
    ../clib/heapaux.c                        0x00000000   Number         0  heapauxi.o ABSOLUTE
    ../clib/libinit.s                        0x00000000   Number         0  libshutdown.o ABSOLUTE
    ../clib/libinit.s                        0x00000000   Number         0  libinit2.o ABSOLUTE
    ../clib/libinit.s                        0x00000000   Number         0  libshutdown2.o ABSOLUTE
    ../clib/libinit.s                        0x00000000   Number         0  libinit.o ABSOLUTE
    ../clib/signal.c                         0x00000000   Number         0  defsig_other.o ABSOLUTE
    ../clib/signal.c                         0x00000000   Number         0  defsig_segv_inner.o ABSOLUTE
    ../clib/signal.c                         0x00000000   Number         0  defsig_cppl_inner.o ABSOLUTE
    ../clib/signal.c                         0x00000000   Number         0  defsig_pvfn_inner.o ABSOLUTE
    ../clib/signal.c                         0x00000000   Number         0  defsig_stak_inner.o ABSOLUTE
    ../clib/signal.c                         0x00000000   Number         0  defsig_rtmem_formal.o ABSOLUTE
    ../clib/signal.c                         0x00000000   Number         0  defsig_rtmem_outer.o ABSOLUTE
    ../clib/signal.c                         0x00000000   Number         0  defsig_rtmem_inner.o ABSOLUTE
    ../clib/signal.c                         0x00000000   Number         0  defsig_abrt_inner.o ABSOLUTE
    ../clib/signal.c                         0x00000000   Number         0  defsig_fpe_formal.o ABSOLUTE
    ../clib/signal.c                         0x00000000   Number         0  defsig_rtred_inner.o ABSOLUTE
    ../clib/signal.c                         0x00000000   Number         0  defsig_fpe_inner.o ABSOLUTE
    ../clib/signal.c                         0x00000000   Number         0  defsig_fpe_outer.o ABSOLUTE
    ../clib/signal.c                         0x00000000   Number         0  defsig_exit.o ABSOLUTE
    ../clib/signal.c                         0x00000000   Number         0  defsig_general.o ABSOLUTE
    ../clib/signal.c                         0x00000000   Number         0  __raise.o ABSOLUTE
    ../clib/signal.s                         0x00000000   Number         0  defsig.o ABSOLUTE
    ../clib/stdlib.c                         0x00000000   Number         0  exit.o ABSOLUTE
    ../fplib/cfplib/fpinit.c                 0x00000000   Number         0  fpinit.o ABSOLUTE
    ..\..\..\app_demo\src\crp.c              0x00000000   Number         0  crp.o ABSOLUTE
    ..\..\..\app_demo\src\main.c             0x00000000   Number         0  main.o ABSOLUTE
    ..\..\..\app_demo\src\timer.c            0x00000000   Number         0  timer.o ABSOLUTE
    ..\..\..\lib_board_dp\src\board.c        0x00000000   Number         0  board.o ABSOLUTE
    ..\..\..\lib_chip_8Nxx\mods\startup\keil_startup_lpc8Nxx.s 0x00000000   Number         0  keil_startup_lpc8nxx.o ABSOLUTE
    ..\..\..\lib_chip_8Nxx\src\bussync_8Nxx.c 0x00000000   Number         0  bussync_8nxx.o ABSOLUTE
    ..\..\..\lib_chip_8Nxx\src\clock_8Nxx.c  0x00000000   Number         0  clock_8nxx.o ABSOLUTE
    ..\..\..\lib_chip_8Nxx\src\flash_8Nxx.c  0x00000000   Number         0  flash_8nxx.o ABSOLUTE
    ..\..\..\lib_chip_8Nxx\src\gpio_8Nxx.c   0x00000000   Number         0  gpio_8nxx.o ABSOLUTE
    ..\..\..\lib_chip_8Nxx\src\iocon_8Nxx.c  0x00000000   Number         0  iocon_8nxx.o ABSOLUTE
    ..\..\..\lib_chip_8Nxx\src\rtc_8Nxx.c    0x00000000   Number         0  rtc_8nxx.o ABSOLUTE
    ..\..\..\lib_chip_8Nxx\src\syscon_8Nxx.c 0x00000000   Number         0  syscon_8nxx.o ABSOLUTE
    ..\..\..\lib_chip_8Nxx\src\timer_8Nxx.c  0x00000000   Number         0  timer_8nxx.o ABSOLUTE
    ..\\..\\..\\app_demo\\src\\main.c        0x00000000   Number         0  main.o ABSOLUTE
    ..\\..\\..\\app_demo\\src\\timer.c       0x00000000   Number         0  timer.o ABSOLUTE
    ..\\..\\..\\lib_board_dp\\src\\board.c   0x00000000   Number         0  board.o ABSOLUTE
    ..\\..\\..\\lib_chip_8Nxx\\src\\bussync_8Nxx.c 0x00000000   Number         0  bussync_8nxx.o ABSOLUTE
    ..\\..\\..\\lib_chip_8Nxx\\src\\clock_8Nxx.c 0x00000000   Number         0  clock_8nxx.o ABSOLUTE
    ..\\..\\..\\lib_chip_8Nxx\\src\\flash_8Nxx.c 0x00000000   Number         0  flash_8nxx.o ABSOLUTE
    ..\\..\\..\\lib_chip_8Nxx\\src\\gpio_8Nxx.c 0x00000000   Number         0  gpio_8nxx.o ABSOLUTE
    ..\\..\\..\\lib_chip_8Nxx\\src\\iocon_8Nxx.c 0x00000000   Number         0  iocon_8nxx.o ABSOLUTE
    ..\\..\\..\\lib_chip_8Nxx\\src\\rtc_8Nxx.c 0x00000000   Number         0  rtc_8nxx.o ABSOLUTE
    ..\\..\\..\\lib_chip_8Nxx\\src\\syscon_8Nxx.c 0x00000000   Number         0  syscon_8nxx.o ABSOLUTE
    ..\\..\\..\\lib_chip_8Nxx\\src\\timer_8Nxx.c 0x00000000   Number         0  timer_8nxx.o ABSOLUTE
    dc.s                                     0x00000000   Number         0  dc.o ABSOLUTE
    !!!main                                  0x000000c0   Section        8  __main.o(!!!main)
    !!!scatter                               0x000000c8   Section       60  __scatter.o(!!!scatter)
    !!handler_copy                           0x00000104   Section       26  __scatter_copy.o(!!handler_copy)
    !!handler_zi                             0x00000120   Section       28  __scatter_zi.o(!!handler_zi)
    .ARM.Collect$$libinit$$00000000          0x0000013c   Section        2  libinit.o(.ARM.Collect$$libinit$$00000000)
    .ARM.Collect$$libinit$$00000002          0x0000013e   Section        0  libinit2.o(.ARM.Collect$$libinit$$00000002)
    .ARM.Collect$$libinit$$00000004          0x0000013e   Section        0  libinit2.o(.ARM.Collect$$libinit$$00000004)
    .ARM.Collect$$libinit$$0000000A          0x0000013e   Section        0  libinit2.o(.ARM.Collect$$libinit$$0000000A)
    .ARM.Collect$$libinit$$0000000C          0x0000013e   Section        0  libinit2.o(.ARM.Collect$$libinit$$0000000C)
    .ARM.Collect$$libinit$$0000000E          0x0000013e   Section        0  libinit2.o(.ARM.Collect$$libinit$$0000000E)
    .ARM.Collect$$libinit$$00000011          0x0000013e   Section        0  libinit2.o(.ARM.Collect$$libinit$$00000011)
    .ARM.Collect$$libinit$$00000013          0x0000013e   Section        0  libinit2.o(.ARM.Collect$$libinit$$00000013)
    .ARM.Collect$$libinit$$00000015          0x0000013e   Section        0  libinit2.o(.ARM.Collect$$libinit$$00000015)
    .ARM.Collect$$libinit$$00000017          0x0000013e   Section        0  libinit2.o(.ARM.Collect$$libinit$$00000017)
    .ARM.Collect$$libinit$$00000019          0x0000013e   Section        0  libinit2.o(.ARM.Collect$$libinit$$00000019)
    .ARM.Collect$$libinit$$0000001B          0x0000013e   Section        0  libinit2.o(.ARM.Collect$$libinit$$0000001B)
    .ARM.Collect$$libinit$$0000001D          0x0000013e   Section        0  libinit2.o(.ARM.Collect$$libinit$$0000001D)
    .ARM.Collect$$libinit$$0000001F          0x0000013e   Section        0  libinit2.o(.ARM.Collect$$libinit$$0000001F)
    .ARM.Collect$$libinit$$00000021          0x0000013e   Section        0  libinit2.o(.ARM.Collect$$libinit$$00000021)
    .ARM.Collect$$libinit$$00000023          0x0000013e   Section        0  libinit2.o(.ARM.Collect$$libinit$$00000023)
    .ARM.Collect$$libinit$$00000025          0x0000013e   Section        0  libinit2.o(.ARM.Collect$$libinit$$00000025)
    .ARM.Collect$$libinit$$0000002C          0x0000013e   Section        0  libinit2.o(.ARM.Collect$$libinit$$0000002C)
    .ARM.Collect$$libinit$$0000002E          0x0000013e   Section        0  libinit2.o(.ARM.Collect$$libinit$$0000002E)
    .ARM.Collect$$libinit$$00000030          0x0000013e   Section        0  libinit2.o(.ARM.Collect$$libinit$$00000030)
    .ARM.Collect$$libinit$$00000032          0x0000013e   Section        0  libinit2.o(.ARM.Collect$$libinit$$00000032)
    .ARM.Collect$$libinit$$00000033          0x0000013e   Section        2  libinit2.o(.ARM.Collect$$libinit$$00000033)
    .ARM.Collect$$libshutdown$$00000000      0x00000140   Section        2  libshutdown.o(.ARM.Collect$$libshutdown$$00000000)
    .ARM.Collect$$libshutdown$$00000002      0x00000142   Section        0  libshutdown2.o(.ARM.Collect$$libshutdown$$00000002)
    .ARM.Collect$$libshutdown$$00000004      0x00000142   Section        0  libshutdown2.o(.ARM.Collect$$libshutdown$$00000004)
    .ARM.Collect$$libshutdown$$00000007      0x00000142   Section        0  libshutdown2.o(.ARM.Collect$$libshutdown$$00000007)
    .ARM.Collect$$libshutdown$$0000000A      0x00000142   Section        0  libshutdown2.o(.ARM.Collect$$libshutdown$$0000000A)
    .ARM.Collect$$libshutdown$$0000000C      0x00000142   Section        0  libshutdown2.o(.ARM.Collect$$libshutdown$$0000000C)
    .ARM.Collect$$libshutdown$$0000000F      0x00000142   Section        0  libshutdown2.o(.ARM.Collect$$libshutdown$$0000000F)
    .ARM.Collect$$libshutdown$$00000010      0x00000142   Section        2  libshutdown2.o(.ARM.Collect$$libshutdown$$00000010)
    .ARM.Collect$$rtentry$$00000000          0x00000144   Section        0  __rtentry.o(.ARM.Collect$$rtentry$$00000000)
    .ARM.Collect$$rtentry$$00000002          0x00000144   Section        0  __rtentry2.o(.ARM.Collect$$rtentry$$00000002)
    .ARM.Collect$$rtentry$$00000004          0x00000144   Section        6  __rtentry4.o(.ARM.Collect$$rtentry$$00000004)
    .ARM.Collect$$rtentry$$00000009          0x0000014a   Section        0  __rtentry2.o(.ARM.Collect$$rtentry$$00000009)
    .ARM.Collect$$rtentry$$0000000A          0x0000014a   Section        4  __rtentry2.o(.ARM.Collect$$rtentry$$0000000A)
    .ARM.Collect$$rtentry$$0000000C          0x0000014e   Section        0  __rtentry2.o(.ARM.Collect$$rtentry$$0000000C)
    .ARM.Collect$$rtentry$$0000000D          0x0000014e   Section        8  __rtentry2.o(.ARM.Collect$$rtentry$$0000000D)
    .ARM.Collect$$rtexit$$00000000           0x00000156   Section        2  rtexit.o(.ARM.Collect$$rtexit$$00000000)
    .ARM.Collect$$rtexit$$00000002           0x00000158   Section        0  rtexit2.o(.ARM.Collect$$rtexit$$00000002)
    .ARM.Collect$$rtexit$$00000003           0x00000158   Section        4  rtexit2.o(.ARM.Collect$$rtexit$$00000003)
    .ARM.Collect$$rtexit$$00000004           0x0000015c   Section        6  rtexit2.o(.ARM.Collect$$rtexit$$00000004)
    .text                                    0x00000164   Section       68  keil_startup_lpc8nxx.o(.text)
    .text                                    0x000001a8   Section      346  aeabi_sdiv.o(.text)
    .text                                    0x00000302   Section        0  heapauxi.o(.text)
    .text                                    0x00000308   Section       62  sys_stackheap_outer.o(.text)
    .text                                    0x00000346   Section        0  exit.o(.text)
    .text                                    0x00000358   Section        8  libspace.o(.text)
    .text                                    0x00000360   Section        0  sys_exit.o(.text)
    .text                                    0x0000036c   Section        2  use_no_semi.o(.text)
    .text                                    0x0000036e   Section        0  indicate_semi.o(.text)
    i.Board_Init                             0x00000370   Section        0  board.o(i.Board_Init)
    i.CT16B0_IRQHandler                      0x00000388   Section        0  main.o(i.CT16B0_IRQHandler)
    i.CT32B0_IRQHandler                      0x000003cc   Section        0  main.o(i.CT32B0_IRQHandler)
    i.Chip_BusSync_ReadReg                   0x000003ce   Section        0  bussync_8nxx.o(i.Chip_BusSync_ReadReg)
    i.Chip_BusSync_WaitSync                  0x000003f6   Section        0  bussync_8nxx.o(i.Chip_BusSync_WaitSync)
    Chip_BusSync_WaitSync                    0x000003f7   Thumb Code    30  bussync_8nxx.o(i.Chip_BusSync_WaitSync)
    i.Chip_BusSync_WriteReg                  0x00000414   Section        0  bussync_8nxx.o(i.Chip_BusSync_WriteReg)
    i.Chip_Clock_Peripheral_DisableClock     0x00000434   Section        0  clock_8nxx.o(i.Chip_Clock_Peripheral_DisableClock)
    i.Chip_Clock_Peripheral_EnableClock      0x0000044c   Section        0  clock_8nxx.o(i.Chip_Clock_Peripheral_EnableClock)
    i.Chip_Clock_System_GetClockDiv          0x00000464   Section        0  clock_8nxx.o(i.Chip_Clock_System_GetClockDiv)
    i.Chip_Clock_System_GetClockFreq         0x00000478   Section        0  clock_8nxx.o(i.Chip_Clock_System_GetClockFreq)
    i.Chip_Clock_System_SetClockDiv          0x0000048c   Section        0  clock_8nxx.o(i.Chip_Clock_System_SetClockDiv)
    i.Chip_Clock_System_SetClockFreq         0x000004dc   Section        0  clock_8nxx.o(i.Chip_Clock_System_SetClockFreq)
    i.Chip_Flash_GetHighPowerMode            0x000004f8   Section        0  flash_8nxx.o(i.Chip_Flash_GetHighPowerMode)
    i.Chip_Flash_GetNumWaitStates            0x0000050c   Section        0  flash_8nxx.o(i.Chip_Flash_GetNumWaitStates)
    i.Chip_GPIO_Init                         0x00000518   Section        0  gpio_8nxx.o(i.Chip_GPIO_Init)
    i.Chip_GPIO_SetPinState                  0x00000522   Section        0  main.o(i.Chip_GPIO_SetPinState)
    Chip_GPIO_SetPinState                    0x00000523   Thumb Code    20  main.o(i.Chip_GPIO_SetPinState)
    i.Chip_IOCON_Init                        0x00000536   Section        0  iocon_8nxx.o(i.Chip_IOCON_Init)
    i.Chip_IOCON_SetPinConfig                0x00000542   Section        0  iocon_8nxx.o(i.Chip_IOCON_SetPinConfig)
    i.Chip_RTC_DeInit                        0x0000056c   Section        0  rtc_8nxx.o(i.Chip_RTC_DeInit)
    i.Chip_RTC_Int_ClearRawStatus            0x0000059c   Section        0  rtc_8nxx.o(i.Chip_RTC_Int_ClearRawStatus)
    i.Chip_RTC_Int_GetRawStatus              0x000005b8   Section        0  rtc_8nxx.o(i.Chip_RTC_Int_GetRawStatus)
    i.Chip_RTC_Int_SetEnabledMask            0x000005d4   Section        0  rtc_8nxx.o(i.Chip_RTC_Int_SetEnabledMask)
    i.Chip_RTC_Time_GetValue                 0x000005f0   Section        0  rtc_8nxx.o(i.Chip_RTC_Time_GetValue)
    i.Chip_RTC_Wakeup_SetReload              0x00000608   Section        0  rtc_8nxx.o(i.Chip_RTC_Wakeup_SetReload)
    i.Chip_TIMER_Init                        0x00000624   Section        0  timer_8nxx.o(i.Chip_TIMER_Init)
    i.Init                                   0x00000630   Section        0  main.o(i.Init)
    Init                                     0x00000631   Thumb Code   320  main.o(i.Init)
    i.NVIC_SetPriority                       0x00000798   Section        0  main.o(i.NVIC_SetPriority)
    NVIC_SetPriority                         0x00000799   Thumb Code   110  main.o(i.NVIC_SetPriority)
    i.RTC_IRQHandler                         0x00000810   Section        0  timer.o(i.RTC_IRQHandler)
    i.SysTick_Handler                        0x00000844   Section        0  main.o(i.SysTick_Handler)
    i.main                                   0x00000890   Section        0  main.o(i.main)
    .data                                    0x10000000   Section       20  main.o(.data)
    .data                                    0x10000014   Section        1  timer.o(.data)
    sMeasurementTimeoutInterruptFired        0x10000014   Data           1  timer.o(.data)
    .data                                    0x10000018   Section        4  rtc_8nxx.o(.data)
    Chip_RTC_AccessCounter                   0x10000018   Data           4  rtc_8nxx.o(.data)
    .bss                                     0x1000001c   Section       96  libspace.o(.bss)
    HEAP                                     0x10000080   Section      256  keil_startup_lpc8nxx.o(HEAP)
    Heap_Mem                                 0x10000080   Data         256  keil_startup_lpc8nxx.o(HEAP)
    STACK                                    0x10000180   Section      512  keil_startup_lpc8nxx.o(STACK)
    Stack_Mem                                0x10000180   Data         512  keil_startup_lpc8nxx.o(STACK)
    __initial_sp                             0x10000380   Data           0  keil_startup_lpc8nxx.o(STACK)

    Global Symbols

    Symbol Name                              Value     Ov Type        Size  Object(Section)

    BuildAttributes$$THM_ISAv3M$S$PE$A:L22$X:L11$S22$IEEE1$IW$USESV6$~STKCKD$USESV7$~SHL$OSPACE$ROPI$EBA8$UX$STANDARDLIB$REQ8$PRES8$EABIv2 0x00000000   Number         0  anon$$obj.o ABSOLUTE
    __ARM_use_no_argv                        0x00000000   Number         0  main.o ABSOLUTE
    __Vectors                                0x00000000   Data           4  keil_startup_lpc8nxx.o(RESET)
    __ARM_exceptions_init                     - Undefined Weak Reference
    __alloca_initialize                       - Undefined Weak Reference
    __arm_preinit_                            - Undefined Weak Reference
    __cpp_initialize__aeabi_                  - Undefined Weak Reference
    __cxa_finalize                            - Undefined Weak Reference
    __rt_locale                               - Undefined Weak Reference
    __sigvec_lookup                           - Undefined Weak Reference
    _atexit_init                              - Undefined Weak Reference
    _call_atexit_fns                          - Undefined Weak Reference
    _clock_init                               - Undefined Weak Reference
    _fp_trap_init                             - Undefined Weak Reference
    _fp_trap_shutdown                         - Undefined Weak Reference
    _get_lc_collate                           - Undefined Weak Reference
    _get_lc_ctype                             - Undefined Weak Reference
    _get_lc_monetary                          - Undefined Weak Reference
    _get_lc_numeric                           - Undefined Weak Reference
    _get_lc_time                              - Undefined Weak Reference
    _getenv_init                              - Undefined Weak Reference
    _handle_redirection                       - Undefined Weak Reference
    _init_alloc                               - Undefined Weak Reference
    _init_user_alloc                          - Undefined Weak Reference
    _initio                                   - Undefined Weak Reference
    _rand_init                                - Undefined Weak Reference
    _signal_finish                            - Undefined Weak Reference
    _signal_init                              - Undefined Weak Reference
    _terminate_alloc                          - Undefined Weak Reference
    _terminate_user_alloc                     - Undefined Weak Reference
    _terminateio                              - Undefined Weak Reference
    __main                                   0x000000c1   Thumb Code     8  __main.o(!!!main)
    __scatterload                            0x000000c9   Thumb Code     0  __scatter.o(!!!scatter)
    __scatterload_rt2                        0x000000c9   Thumb Code    52  __scatter.o(!!!scatter)
    __scatterload_rt2_thumb_only             0x000000c9   Thumb Code     0  __scatter.o(!!!scatter)
    __scatterload_null                       0x000000d9   Thumb Code     0  __scatter.o(!!!scatter)
    __scatterload_copy                       0x00000105   Thumb Code    26  __scatter_copy.o(!!handler_copy)
    __scatterload_zeroinit                   0x00000121   Thumb Code    28  __scatter_zi.o(!!handler_zi)
    __rt_lib_init                            0x0000013d   Thumb Code     0  libinit.o(.ARM.Collect$$libinit$$00000000)
    __rt_lib_init_alloca_1                   0x0000013f   Thumb Code     0  libinit2.o(.ARM.Collect$$libinit$$0000002E)
    __rt_lib_init_argv_1                     0x0000013f   Thumb Code     0  libinit2.o(.ARM.Collect$$libinit$$0000002C)
    __rt_lib_init_atexit_1                   0x0000013f   Thumb Code     0  libinit2.o(.ARM.Collect$$libinit$$0000001B)
    __rt_lib_init_clock_1                    0x0000013f   Thumb Code     0  libinit2.o(.ARM.Collect$$libinit$$00000021)
    __rt_lib_init_cpp_1                      0x0000013f   Thumb Code     0  libinit2.o(.ARM.Collect$$libinit$$00000032)
    __rt_lib_init_exceptions_1               0x0000013f   Thumb Code     0  libinit2.o(.ARM.Collect$$libinit$$00000030)
    __rt_lib_init_fp_1                       0x0000013f   Thumb Code     0  libinit2.o(.ARM.Collect$$libinit$$00000002)
    __rt_lib_init_fp_trap_1                  0x0000013f   Thumb Code     0  libinit2.o(.ARM.Collect$$libinit$$0000001F)
    __rt_lib_init_getenv_1                   0x0000013f   Thumb Code     0  libinit2.o(.ARM.Collect$$libinit$$00000023)
    __rt_lib_init_heap_1                     0x0000013f   Thumb Code     0  libinit2.o(.ARM.Collect$$libinit$$0000000A)
    __rt_lib_init_lc_collate_1               0x0000013f   Thumb Code     0  libinit2.o(.ARM.Collect$$libinit$$00000011)
    __rt_lib_init_lc_ctype_1                 0x0000013f   Thumb Code     0  libinit2.o(.ARM.Collect$$libinit$$00000013)
    __rt_lib_init_lc_monetary_1              0x0000013f   Thumb Code     0  libinit2.o(.ARM.Collect$$libinit$$00000015)
    __rt_lib_init_lc_numeric_1               0x0000013f   Thumb Code     0  libinit2.o(.ARM.Collect$$libinit$$00000017)
    __rt_lib_init_lc_time_1                  0x0000013f   Thumb Code     0  libinit2.o(.ARM.Collect$$libinit$$00000019)
    __rt_lib_init_preinit_1                  0x0000013f   Thumb Code     0  libinit2.o(.ARM.Collect$$libinit$$00000004)
    __rt_lib_init_rand_1                     0x0000013f   Thumb Code     0  libinit2.o(.ARM.Collect$$libinit$$0000000E)
    __rt_lib_init_return                     0x0000013f   Thumb Code     0  libinit2.o(.ARM.Collect$$libinit$$00000033)
    __rt_lib_init_signal_1                   0x0000013f   Thumb Code     0  libinit2.o(.ARM.Collect$$libinit$$0000001D)
    __rt_lib_init_stdio_1                    0x0000013f   Thumb Code     0  libinit2.o(.ARM.Collect$$libinit$$00000025)
    __rt_lib_init_user_alloc_1               0x0000013f   Thumb Code     0  libinit2.o(.ARM.Collect$$libinit$$0000000C)
    __rt_lib_shutdown                        0x00000141   Thumb Code     0  libshutdown.o(.ARM.Collect$$libshutdown$$00000000)
    __rt_lib_shutdown_cpp_1                  0x00000143   Thumb Code     0  libshutdown2.o(.ARM.Collect$$libshutdown$$00000002)
    __rt_lib_shutdown_fp_trap_1              0x00000143   Thumb Code     0  libshutdown2.o(.ARM.Collect$$libshutdown$$00000007)
    __rt_lib_shutdown_heap_1                 0x00000143   Thumb Code     0  libshutdown2.o(.ARM.Collect$$libshutdown$$0000000F)
    __rt_lib_shutdown_return                 0x00000143   Thumb Code     0  libshutdown2.o(.ARM.Collect$$libshutdown$$00000010)
    __rt_lib_shutdown_signal_1               0x00000143   Thumb Code     0  libshutdown2.o(.ARM.Collect$$libshutdown$$0000000A)
    __rt_lib_shutdown_stdio_1                0x00000143   Thumb Code     0  libshutdown2.o(.ARM.Collect$$libshutdown$$00000004)
    __rt_lib_shutdown_user_alloc_1           0x00000143   Thumb Code     0  libshutdown2.o(.ARM.Collect$$libshutdown$$0000000C)
    __rt_entry                               0x00000145   Thumb Code     0  __rtentry.o(.ARM.Collect$$rtentry$$00000000)
    __rt_entry_presh_1                       0x00000145   Thumb Code     0  __rtentry2.o(.ARM.Collect$$rtentry$$00000002)
    __rt_entry_sh                            0x00000145   Thumb Code     0  __rtentry4.o(.ARM.Collect$$rtentry$$00000004)
    __rt_entry_li                            0x0000014b   Thumb Code     0  __rtentry2.o(.ARM.Collect$$rtentry$$0000000A)
    __rt_entry_postsh_1                      0x0000014b   Thumb Code     0  __rtentry2.o(.ARM.Collect$$rtentry$$00000009)
    __rt_entry_main                          0x0000014f   Thumb Code     0  __rtentry2.o(.ARM.Collect$$rtentry$$0000000D)
    __rt_entry_postli_1                      0x0000014f   Thumb Code     0  __rtentry2.o(.ARM.Collect$$rtentry$$0000000C)
    __rt_exit                                0x00000157   Thumb Code     0  rtexit.o(.ARM.Collect$$rtexit$$00000000)
    __rt_exit_ls                             0x00000159   Thumb Code     0  rtexit2.o(.ARM.Collect$$rtexit$$00000003)
    __rt_exit_prels_1                        0x00000159   Thumb Code     0  rtexit2.o(.ARM.Collect$$rtexit$$00000002)
    __rt_exit_exit                           0x0000015d   Thumb Code     0  rtexit2.o(.ARM.Collect$$rtexit$$00000004)
    Reset_Handler                            0x00000165   Thumb Code     8  keil_startup_lpc8nxx.o(.text)
    SystemInit                               0x0000016d   Thumb Code     2  keil_startup_lpc8nxx.o(.text)
    NMI_Handler                              0x0000016f   Thumb Code     2  keil_startup_lpc8nxx.o(.text)
    HardFault_Handler                        0x00000171   Thumb Code     2  keil_startup_lpc8nxx.o(.text)
    MemManage_Handler                        0x00000173   Thumb Code     2  keil_startup_lpc8nxx.o(.text)
    BusFault_Handler                         0x00000175   Thumb Code     2  keil_startup_lpc8nxx.o(.text)
    UsageFault_Handler                       0x00000177   Thumb Code     2  keil_startup_lpc8nxx.o(.text)
    SVC_Handler                              0x00000179   Thumb Code     2  keil_startup_lpc8nxx.o(.text)
    DebugMon_Handler                         0x0000017b   Thumb Code     2  keil_startup_lpc8nxx.o(.text)
    PendSV_Handler                           0x0000017d   Thumb Code     2  keil_startup_lpc8nxx.o(.text)
    ADC_IRQHandler                           0x00000181   Thumb Code     0  keil_startup_lpc8nxx.o(.text)
    C2D_IRQHandler                           0x00000181   Thumb Code     0  keil_startup_lpc8nxx.o(.text)
    EEPROM_IRQHandler                        0x00000181   Thumb Code     0  keil_startup_lpc8nxx.o(.text)
    FLASH_IRQHandler                         0x00000181   Thumb Code     0  keil_startup_lpc8nxx.o(.text)
    I2C0_IRQHandler                          0x00000181   Thumb Code     0  keil_startup_lpc8nxx.o(.text)
    I2D_IRQHandler                           0x00000181   Thumb Code     0  keil_startup_lpc8nxx.o(.text)
    NFC_IRQHandler                           0x00000181   Thumb Code     0  keil_startup_lpc8nxx.o(.text)
    PIO0_0_IRQHandler                        0x00000181   Thumb Code     0  keil_startup_lpc8nxx.o(.text)
    PIO0_10_IRQHandler                       0x00000181   Thumb Code     0  keil_startup_lpc8nxx.o(.text)
    PIO0_1_IRQHandler                        0x00000181   Thumb Code     0  keil_startup_lpc8nxx.o(.text)
    PIO0_2_IRQHandler                        0x00000181   Thumb Code     0  keil_startup_lpc8nxx.o(.text)
    PIO0_3_IRQHandler                        0x00000181   Thumb Code     0  keil_startup_lpc8nxx.o(.text)
    PIO0_4_IRQHandler                        0x00000181   Thumb Code     0  keil_startup_lpc8nxx.o(.text)
    PIO0_5_IRQHandler                        0x00000181   Thumb Code     0  keil_startup_lpc8nxx.o(.text)
    PIO0_6_IRQHandler                        0x00000181   Thumb Code     0  keil_startup_lpc8nxx.o(.text)
    PIO0_7_IRQHandler                        0x00000181   Thumb Code     0  keil_startup_lpc8nxx.o(.text)
    PIO0_8_IRQHandler                        0x00000181   Thumb Code     0  keil_startup_lpc8nxx.o(.text)
    PIO0_9_IRQHandler                        0x00000181   Thumb Code     0  keil_startup_lpc8nxx.o(.text)
    PIO0_IRQHandler                          0x00000181   Thumb Code     0  keil_startup_lpc8nxx.o(.text)
    PMUBOD_IRQHandler                        0x00000181   Thumb Code     0  keil_startup_lpc8nxx.o(.text)
    PMUFLD_IRQHandler                        0x00000181   Thumb Code     0  keil_startup_lpc8nxx.o(.text)
    RFFIELD_IRQHandler                       0x00000181   Thumb Code     0  keil_startup_lpc8nxx.o(.text)
    RTCPWREQ_IRQHandler                      0x00000181   Thumb Code     0  keil_startup_lpc8nxx.o(.text)
    SSP0_IRQHandler                          0x00000181   Thumb Code     0  keil_startup_lpc8nxx.o(.text)
    TSEN_IRQHandler                          0x00000181   Thumb Code     0  keil_startup_lpc8nxx.o(.text)
    WDT_IRQHandler                           0x00000181   Thumb Code     0  keil_startup_lpc8nxx.o(.text)
    __user_initial_stackheap                 0x00000185   Thumb Code     0  keil_startup_lpc8nxx.o(.text)
    __aeabi_uidiv                            0x000001a9   Thumb Code     0  aeabi_sdiv.o(.text)
    __aeabi_uidivmod                         0x000001a9   Thumb Code    20  aeabi_sdiv.o(.text)
    __aeabi_idiv                             0x000001bd   Thumb Code     0  aeabi_sdiv.o(.text)
    __aeabi_idivmod                          0x000001bd   Thumb Code   326  aeabi_sdiv.o(.text)
    __use_two_region_memory                  0x00000303   Thumb Code     2  heapauxi.o(.text)
    __rt_heap_escrow$2region                 0x00000305   Thumb Code     2  heapauxi.o(.text)
    __rt_heap_expand$2region                 0x00000307   Thumb Code     2  heapauxi.o(.text)
    __user_setup_stackheap                   0x00000309   Thumb Code    62  sys_stackheap_outer.o(.text)
    exit                                     0x00000347   Thumb Code    16  exit.o(.text)
    __user_libspace                          0x00000359   Thumb Code     8  libspace.o(.text)
    __user_perproc_libspace                  0x00000359   Thumb Code     0  libspace.o(.text)
    __user_perthread_libspace                0x00000359   Thumb Code     0  libspace.o(.text)
    _sys_exit                                0x00000361   Thumb Code     8  sys_exit.o(.text)
    __I$use$semihosting                      0x0000036d   Thumb Code     0  use_no_semi.o(.text)
    __use_no_semihosting_swi                 0x0000036d   Thumb Code     2  use_no_semi.o(.text)
    __semihosting_library_function           0x0000036f   Thumb Code     0  indicate_semi.o(.text)
    Board_Init                               0x00000371   Thumb Code    18  board.o(i.Board_Init)
    CT16B0_IRQHandler                        0x00000389   Thumb Code    58  main.o(i.CT16B0_IRQHandler)
    CT32B0_IRQHandler                        0x000003cd   Thumb Code     2  main.o(i.CT32B0_IRQHandler)
    Chip_BusSync_ReadReg                     0x000003cf   Thumb Code    40  bussync_8nxx.o(i.Chip_BusSync_ReadReg)
    Chip_BusSync_WriteReg                    0x00000415   Thumb Code    30  bussync_8nxx.o(i.Chip_BusSync_WriteReg)
    Chip_Clock_Peripheral_DisableClock       0x00000435   Thumb Code    14  clock_8nxx.o(i.Chip_Clock_Peripheral_DisableClock)
    Chip_Clock_Peripheral_EnableClock        0x0000044d   Thumb Code    14  clock_8nxx.o(i.Chip_Clock_Peripheral_EnableClock)
    Chip_Clock_System_GetClockDiv            0x00000465   Thumb Code    14  clock_8nxx.o(i.Chip_Clock_System_GetClockDiv)
    Chip_Clock_System_GetClockFreq           0x00000479   Thumb Code    16  clock_8nxx.o(i.Chip_Clock_System_GetClockFreq)
    Chip_Clock_System_SetClockDiv            0x0000048d   Thumb Code    76  clock_8nxx.o(i.Chip_Clock_System_SetClockDiv)
    Chip_Clock_System_SetClockFreq           0x000004dd   Thumb Code    22  clock_8nxx.o(i.Chip_Clock_System_SetClockFreq)
    Chip_Flash_GetHighPowerMode              0x000004f9   Thumb Code    16  flash_8nxx.o(i.Chip_Flash_GetHighPowerMode)
    Chip_Flash_GetNumWaitStates              0x0000050d   Thumb Code     8  flash_8nxx.o(i.Chip_Flash_GetNumWaitStates)
    Chip_GPIO_Init                           0x00000519   Thumb Code    10  gpio_8nxx.o(i.Chip_GPIO_Init)
    Chip_IOCON_Init                          0x00000537   Thumb Code    12  iocon_8nxx.o(i.Chip_IOCON_Init)
    Chip_IOCON_SetPinConfig                  0x00000543   Thumb Code    42  iocon_8nxx.o(i.Chip_IOCON_SetPinConfig)
    Chip_RTC_DeInit                          0x0000056d   Thumb Code    40  rtc_8nxx.o(i.Chip_RTC_DeInit)
    Chip_RTC_Int_ClearRawStatus              0x0000059d   Thumb Code    20  rtc_8nxx.o(i.Chip_RTC_Int_ClearRawStatus)
    Chip_RTC_Int_GetRawStatus                0x000005b9   Thumb Code    20  rtc_8nxx.o(i.Chip_RTC_Int_GetRawStatus)
    Chip_RTC_Int_SetEnabledMask              0x000005d5   Thumb Code    20  rtc_8nxx.o(i.Chip_RTC_Int_SetEnabledMask)
    Chip_RTC_Time_GetValue                   0x000005f1   Thumb Code    16  rtc_8nxx.o(i.Chip_RTC_Time_GetValue)
    Chip_RTC_Wakeup_SetReload                0x00000609   Thumb Code    20  rtc_8nxx.o(i.Chip_RTC_Wakeup_SetReload)
    Chip_TIMER_Init                          0x00000625   Thumb Code    10  timer_8nxx.o(i.Chip_TIMER_Init)
    RTC_IRQHandler                           0x00000811   Thumb Code    42  timer.o(i.RTC_IRQHandler)
    SysTick_Handler                          0x00000845   Thumb Code    64  main.o(i.SysTick_Handler)
    main                                     0x00000891   Thumb Code    86  main.o(i.main)
    Region$$Table$$Base                      0x000008f8   Number         0  anon$$obj.o(Region$$Table)
    Region$$Table$$Limit                     0x00000918   Number         0  anon$$obj.o(Region$$Table)
    systick_test_cnt                         0x10000000   Data           2  main.o(.data)
    ct16b0_test_cnt                          0x10000002   Data           2  main.o(.data)
    rtc_time_test_cnt                        0x10000004   Data           4  main.o(.data)
    while_test_cnt                           0x10000008   Data           2  main.o(.data)
    System_ClockDiv                          0x1000000c   Data           4  main.o(.data)
    System_ClockFreq                         0x10000010   Data           4  main.o(.data)
    __libspace_start                         0x1000001c   Data          96  libspace.o(.bss)
    __temporary_stack_top$libspace           0x1000007c   Data           0  libspace.o(.bss)



==============================================================================

Memory Map of the image

  Image Entry point : 0x000000c1

  Load Region LR_IROM1 (Base: 0x00000000, Size: 0x00000934, Max: 0x00007800, ABSOLUTE)

    Execution Region ER_IROM1 (Exec base: 0x00000000, Load base: 0x00000000, Size: 0x00000918, Max: 0x00007800, ABSOLUTE)

    Exec Addr    Load Addr    Size         Type   Attr      Idx    E Section Name        Object

    0x00000000   0x00000000   0x000000c0   Data   RO          236    RESET               keil_startup_lpc8nxx.o
    0x000000c0   0x000000c0   0x00000008   Code   RO         1022  * !!!main             c_p.l(__main.o)
    0x000000c8   0x000000c8   0x0000003c   Code   RO         1191    !!!scatter          c_p.l(__scatter.o)
    0x00000104   0x00000104   0x0000001a   Code   RO         1193    !!handler_copy      c_p.l(__scatter_copy.o)
    0x0000011e   0x0000011e   0x00000002   PAD
    0x00000120   0x00000120   0x0000001c   Code   RO         1195    !!handler_zi        c_p.l(__scatter_zi.o)
    0x0000013c   0x0000013c   0x00000002   Code   RO         1060    .ARM.Collect$$libinit$$00000000  c_p.l(libinit.o)
    0x0000013e   0x0000013e   0x00000000   Code   RO         1074    .ARM.Collect$$libinit$$00000002  c_p.l(libinit2.o)
    0x0000013e   0x0000013e   0x00000000   Code   RO         1076    .ARM.Collect$$libinit$$00000004  c_p.l(libinit2.o)
    0x0000013e   0x0000013e   0x00000000   Code   RO         1079    .ARM.Collect$$libinit$$0000000A  c_p.l(libinit2.o)
    0x0000013e   0x0000013e   0x00000000   Code   RO         1081    .ARM.Collect$$libinit$$0000000C  c_p.l(libinit2.o)
    0x0000013e   0x0000013e   0x00000000   Code   RO         1083    .ARM.Collect$$libinit$$0000000E  c_p.l(libinit2.o)
    0x0000013e   0x0000013e   0x00000000   Code   RO         1086    .ARM.Collect$$libinit$$00000011  c_p.l(libinit2.o)
    0x0000013e   0x0000013e   0x00000000   Code   RO         1088    .ARM.Collect$$libinit$$00000013  c_p.l(libinit2.o)
    0x0000013e   0x0000013e   0x00000000   Code   RO         1090    .ARM.Collect$$libinit$$00000015  c_p.l(libinit2.o)
    0x0000013e   0x0000013e   0x00000000   Code   RO         1092    .ARM.Collect$$libinit$$00000017  c_p.l(libinit2.o)
    0x0000013e   0x0000013e   0x00000000   Code   RO         1094    .ARM.Collect$$libinit$$00000019  c_p.l(libinit2.o)
    0x0000013e   0x0000013e   0x00000000   Code   RO         1096    .ARM.Collect$$libinit$$0000001B  c_p.l(libinit2.o)
    0x0000013e   0x0000013e   0x00000000   Code   RO         1098    .ARM.Collect$$libinit$$0000001D  c_p.l(libinit2.o)
    0x0000013e   0x0000013e   0x00000000   Code   RO         1100    .ARM.Collect$$libinit$$0000001F  c_p.l(libinit2.o)
    0x0000013e   0x0000013e   0x00000000   Code   RO         1102    .ARM.Collect$$libinit$$00000021  c_p.l(libinit2.o)
    0x0000013e   0x0000013e   0x00000000   Code   RO         1104    .ARM.Collect$$libinit$$00000023  c_p.l(libinit2.o)
    0x0000013e   0x0000013e   0x00000000   Code   RO         1106    .ARM.Collect$$libinit$$00000025  c_p.l(libinit2.o)
    0x0000013e   0x0000013e   0x00000000   Code   RO         1110    .ARM.Collect$$libinit$$0000002C  c_p.l(libinit2.o)
    0x0000013e   0x0000013e   0x00000000   Code   RO         1112    .ARM.Collect$$libinit$$0000002E  c_p.l(libinit2.o)
    0x0000013e   0x0000013e   0x00000000   Code   RO         1114    .ARM.Collect$$libinit$$00000030  c_p.l(libinit2.o)
    0x0000013e   0x0000013e   0x00000000   Code   RO         1116    .ARM.Collect$$libinit$$00000032  c_p.l(libinit2.o)
    0x0000013e   0x0000013e   0x00000002   Code   RO         1117    .ARM.Collect$$libinit$$00000033  c_p.l(libinit2.o)
    0x00000140   0x00000140   0x00000002   Code   RO         1148    .ARM.Collect$$libshutdown$$00000000  c_p.l(libshutdown.o)
    0x00000142   0x00000142   0x00000000   Code   RO         1174    .ARM.Collect$$libshutdown$$00000002  c_p.l(libshutdown2.o)
    0x00000142   0x00000142   0x00000000   Code   RO         1176    .ARM.Collect$$libshutdown$$00000004  c_p.l(libshutdown2.o)
    0x00000142   0x00000142   0x00000000   Code   RO         1179    .ARM.Collect$$libshutdown$$00000007  c_p.l(libshutdown2.o)
    0x00000142   0x00000142   0x00000000   Code   RO         1182    .ARM.Collect$$libshutdown$$0000000A  c_p.l(libshutdown2.o)
    0x00000142   0x00000142   0x00000000   Code   RO         1184    .ARM.Collect$$libshutdown$$0000000C  c_p.l(libshutdown2.o)
    0x00000142   0x00000142   0x00000000   Code   RO         1187    .ARM.Collect$$libshutdown$$0000000F  c_p.l(libshutdown2.o)
    0x00000142   0x00000142   0x00000002   Code   RO         1188    .ARM.Collect$$libshutdown$$00000010  c_p.l(libshutdown2.o)
    0x00000144   0x00000144   0x00000000   Code   RO         1024    .ARM.Collect$$rtentry$$00000000  c_p.l(__rtentry.o)
    0x00000144   0x00000144   0x00000000   Code   RO         1030    .ARM.Collect$$rtentry$$00000002  c_p.l(__rtentry2.o)
    0x00000144   0x00000144   0x00000006   Code   RO         1042    .ARM.Collect$$rtentry$$00000004  c_p.l(__rtentry4.o)
    0x0000014a   0x0000014a   0x00000000   Code   RO         1032    .ARM.Collect$$rtentry$$00000009  c_p.l(__rtentry2.o)
    0x0000014a   0x0000014a   0x00000004   Code   RO         1033    .ARM.Collect$$rtentry$$0000000A  c_p.l(__rtentry2.o)
    0x0000014e   0x0000014e   0x00000000   Code   RO         1035    .ARM.Collect$$rtentry$$0000000C  c_p.l(__rtentry2.o)
    0x0000014e   0x0000014e   0x00000008   Code   RO         1036    .ARM.Collect$$rtentry$$0000000D  c_p.l(__rtentry2.o)
    0x00000156   0x00000156   0x00000002   Code   RO         1065    .ARM.Collect$$rtexit$$00000000  c_p.l(rtexit.o)
    0x00000158   0x00000158   0x00000000   Code   RO         1121    .ARM.Collect$$rtexit$$00000002  c_p.l(rtexit2.o)
    0x00000158   0x00000158   0x00000004   Code   RO         1122    .ARM.Collect$$rtexit$$00000003  c_p.l(rtexit2.o)
    0x0000015c   0x0000015c   0x00000006   Code   RO         1123    .ARM.Collect$$rtexit$$00000004  c_p.l(rtexit2.o)
    0x00000162   0x00000162   0x00000002   PAD
    0x00000164   0x00000164   0x00000044   Code   RO          237    .text               keil_startup_lpc8nxx.o
    0x000001a8   0x000001a8   0x0000015a   Code   RO         1016    .text               c_p.l(aeabi_sdiv.o)
    0x00000302   0x00000302   0x00000006   Code   RO         1020    .text               c_p.l(heapauxi.o)
    0x00000308   0x00000308   0x0000003e   Code   RO         1046    .text               c_p.l(sys_stackheap_outer.o)
    0x00000346   0x00000346   0x00000010   Code   RO         1049    .text               c_p.l(exit.o)
    0x00000356   0x00000356   0x00000002   PAD
    0x00000358   0x00000358   0x00000008   Code   RO         1061    .text               c_p.l(libspace.o)
    0x00000360   0x00000360   0x0000000c   Code   RO         1118    .text               c_p.l(sys_exit.o)
    0x0000036c   0x0000036c   0x00000002   Code   RO         1137    .text               c_p.l(use_no_semi.o)
    0x0000036e   0x0000036e   0x00000000   Code   RO         1139    .text               c_p.l(indicate_semi.o)
    0x0000036e   0x0000036e   0x00000002   PAD
    0x00000370   0x00000370   0x00000018   Code   RO          794    i.Board_Init        lib_board_8Nxx.lib(board.o)
    0x00000388   0x00000388   0x00000044   Code   RO            8    i.CT16B0_IRQHandler  main.o
    0x000003cc   0x000003cc   0x00000002   Code   RO            9    i.CT32B0_IRQHandler  main.o
    0x000003ce   0x000003ce   0x00000028   Code   RO          901    i.Chip_BusSync_ReadReg  lib_chip_8Nxx.lib(bussync_8nxx.o)
    0x000003f6   0x000003f6   0x0000001e   Code   RO          902    i.Chip_BusSync_WaitSync  lib_chip_8Nxx.lib(bussync_8nxx.o)
    0x00000414   0x00000414   0x0000001e   Code   RO          903    i.Chip_BusSync_WriteReg  lib_chip_8Nxx.lib(bussync_8nxx.o)
    0x00000432   0x00000432   0x00000002   PAD
    0x00000434   0x00000434   0x00000018   Code   RO          245    i.Chip_Clock_Peripheral_DisableClock  lib_chip_8Nxx.lib(clock_8nxx.o)
    0x0000044c   0x0000044c   0x00000018   Code   RO          246    i.Chip_Clock_Peripheral_EnableClock  lib_chip_8Nxx.lib(clock_8nxx.o)
    0x00000464   0x00000464   0x00000014   Code   RO          254    i.Chip_Clock_System_GetClockDiv  lib_chip_8Nxx.lib(clock_8nxx.o)
    0x00000478   0x00000478   0x00000014   Code   RO          255    i.Chip_Clock_System_GetClockFreq  lib_chip_8Nxx.lib(clock_8nxx.o)
    0x0000048c   0x0000048c   0x00000050   Code   RO          256    i.Chip_Clock_System_SetClockDiv  lib_chip_8Nxx.lib(clock_8nxx.o)
    0x000004dc   0x000004dc   0x0000001c   Code   RO          257    i.Chip_Clock_System_SetClockFreq  lib_chip_8Nxx.lib(clock_8nxx.o)
    0x000004f8   0x000004f8   0x00000014   Code   RO          932    i.Chip_Flash_GetHighPowerMode  lib_chip_8Nxx.lib(flash_8nxx.o)
    0x0000050c   0x0000050c   0x0000000c   Code   RO          933    i.Chip_Flash_GetNumWaitStates  lib_chip_8Nxx.lib(flash_8nxx.o)
    0x00000518   0x00000518   0x0000000a   Code   RO          970    i.Chip_GPIO_Init    lib_chip_8Nxx.lib(gpio_8nxx.o)
    0x00000522   0x00000522   0x00000014   Code   RO           10    i.Chip_GPIO_SetPinState  main.o
    0x00000536   0x00000536   0x0000000c   Code   RO          458    i.Chip_IOCON_Init   lib_chip_8Nxx.lib(iocon_8nxx.o)
    0x00000542   0x00000542   0x0000002a   Code   RO          460    i.Chip_IOCON_SetPinConfig  lib_chip_8Nxx.lib(iocon_8nxx.o)
    0x0000056c   0x0000056c   0x00000030   Code   RO          516    i.Chip_RTC_DeInit   lib_chip_8Nxx.lib(rtc_8nxx.o)
    0x0000059c   0x0000059c   0x0000001c   Code   RO          519    i.Chip_RTC_Int_ClearRawStatus  lib_chip_8Nxx.lib(rtc_8nxx.o)
    0x000005b8   0x000005b8   0x0000001c   Code   RO          521    i.Chip_RTC_Int_GetRawStatus  lib_chip_8Nxx.lib(rtc_8nxx.o)
    0x000005d4   0x000005d4   0x0000001c   Code   RO          522    i.Chip_RTC_Int_SetEnabledMask  lib_chip_8Nxx.lib(rtc_8nxx.o)
    0x000005f0   0x000005f0   0x00000018   Code   RO          524    i.Chip_RTC_Time_GetValue  lib_chip_8Nxx.lib(rtc_8nxx.o)
    0x00000608   0x00000608   0x0000001c   Code   RO          531    i.Chip_RTC_Wakeup_SetReload  lib_chip_8Nxx.lib(rtc_8nxx.o)
    0x00000624   0x00000624   0x0000000a   Code   RO          747    i.Chip_TIMER_Init   lib_chip_8Nxx.lib(timer_8nxx.o)
    0x0000062e   0x0000062e   0x00000002   PAD
    0x00000630   0x00000630   0x00000168   Code   RO           11    i.Init              main.o
    0x00000798   0x00000798   0x00000078   Code   RO           12    i.NVIC_SetPriority  main.o
    0x00000810   0x00000810   0x00000034   Code   RO          174    i.RTC_IRQHandler    timer.o
    0x00000844   0x00000844   0x0000004c   Code   RO           13    i.SysTick_Handler   main.o
    0x00000890   0x00000890   0x00000068   Code   RO           14    i.main              main.o
    0x000008f8   0x000008f8   0x00000020   Data   RO         1189    Region$$Table       anon$$obj.o


    Execution Region RW_IRAM1 (Exec base: 0x10000000, Load base: 0x00000918, Size: 0x00000380, Max: 0x00002000, ABSOLUTE)

    Exec Addr    Load Addr    Size         Type   Attr      Idx    E Section Name        Object

    0x10000000   0x00000918   0x00000014   Data   RW           15    .data               main.o
    0x10000014   0x0000092c   0x00000001   Data   RW          179    .data               timer.o
    0x10000015   0x0000092d   0x00000003   PAD
    0x10000018   0x00000930   0x00000004   Data   RW          532    .data               lib_chip_8Nxx.lib(rtc_8nxx.o)
    0x1000001c        -       0x00000060   Zero   RW         1062    .bss                c_p.l(libspace.o)
    0x1000007c   0x00000934   0x00000004   PAD
    0x10000080        -       0x00000100   Zero   RW          235    HEAP                keil_startup_lpc8nxx.o
    0x10000180        -       0x00000200   Zero   RW          234    STACK               keil_startup_lpc8nxx.o


==============================================================================

Image component sizes


      Code (inc. data)   RO Data    RW Data    ZI Data      Debug   Object Name

         0          0          0          0          0       1444   crp.o
        68         28        192          0        768        884   keil_startup_lpc8nxx.o
       750         90          0         20          0      19742   main.o
        52         10          0          1          0        701   timer.o

    ----------------------------------------------------------------------
       870        128        224         24        768      22771   Object Totals
         0          0         32          0          0          0   (incl. Generated)
         0          0          0          3          0          0   (incl. Padding)

    ----------------------------------------------------------------------

      Code (inc. data)   RO Data    RW Data    ZI Data      Debug   Library Member Name

         8          0          0          0          0         68   __main.o
         0          0          0          0          0          0   __rtentry.o
        12          0          0          0          0          0   __rtentry2.o
         6          0          0          0          0          0   __rtentry4.o
        60          8          0          0          0          0   __scatter.o
        26          0          0          0          0          0   __scatter_copy.o
        28          0          0          0          0          0   __scatter_zi.o
       346          0          0          0          0         92   aeabi_sdiv.o
        16          0          0          0          0         68   exit.o
         6          0          0          0          0        136   heapauxi.o
         0          0          0          0          0          0   indicate_semi.o
         2          0          0          0          0          0   libinit.o
         2          0          0          0          0          0   libinit2.o
         2          0          0          0          0          0   libshutdown.o
         2          0          0          0          0          0   libshutdown2.o
         8          4          0          0         96         68   libspace.o
         2          0          0          0          0          0   rtexit.o
        10          0          0          0          0          0   rtexit2.o
        12          4          0          0          0         60   sys_exit.o
        62          0          0          0          0         80   sys_stackheap_outer.o
         2          0          0          0          0         68   use_no_semi.o
        24          6          0          0          0        457   board.o
       100          0          0          0          0       2463   bussync_8nxx.o
       196         40          0          0          0      13189   clock_8nxx.o
        32          8          0          0          0       1378   flash_8nxx.o
        10          0          0          0          0       3433   gpio_8nxx.o
        54          0          0          0          0       1648   iocon_8nxx.o
       184         48          0          4          0       4151   rtc_8nxx.o
        10          0          0          0          0        546   timer_8nxx.o

    ----------------------------------------------------------------------
      1234        118          0          4        100      27905   Library Totals
        12          0          0          0          4          0   (incl. Padding)

    ----------------------------------------------------------------------

      Code (inc. data)   RO Data    RW Data    ZI Data      Debug   Library Name

       612         16          0          0         96        640   c_p.l
        24          6          0          0          0        457   lib_board_8Nxx.lib
       586         96          0          4          0      26808   lib_chip_8Nxx.lib

    ----------------------------------------------------------------------
      1234        118          0          4        100      27905   Library Totals

    ----------------------------------------------------------------------

==============================================================================


      Code (inc. data)   RO Data    RW Data    ZI Data      Debug   

      2104        246        224         28        868      49432   Grand Totals
      2104        246        224         28        868      49432   ELF Image Totals
      2104        246        224         28          0          0   ROM Totals

==============================================================================

    Total RO  Size (Code + RO Data)                 2328 (   2.27kB)
    Total RW  Size (RW Data + ZI Data)               896 (   0.88kB)
    Total ROM Size (Code + RO Data + RW Data)       2356 (   2.30kB)

==============================================================================

