<html>
<body>
<pre>
<h1>µVision Build Log</h1>
<h2>Tool Versions:</h2>
IDE-Version: ¦ÌVision V5.25.2.0
Copyright (C) 2018 ARM Ltd and ARM Germany GmbH. All rights reserved.
License Information: 1 Microsoft, Microsoft, LIC=1WSAR-KGW6F-EYQVT-RY7UV-5PI1M-NGZ9J
 
Tool Versions:
Toolchain:       MDK-ARM Professional  Version: 5.18
Toolchain Path:  D:\Keil_v5\ARM\ARMCC\Bin
C Compiler:      Armcc.exe V5.06 update 1 (build 61)
Assembler:       Armasm.exe V5.06 update 1 (build 61)
Linker/Locator:  ArmLink.exe V5.06 update 1 (build 61)
Library Manager: ArmAr.exe V5.06 update 1 (build 61)
Hex Converter:   FromElf.exe V5.06 update 1 (build 61)
CPU DLL:         SARMCM3.DLL V5.18
Dialog DLL:      DARMCM1.DLL V1.12.0.0
Target DLL:      CMSIS_AGDI.dll V1.25.7.0
Dialog DLL:      TARMCM1.DLL V1.9.0.0
 
<h2>Project:</h2>
D:\LPC\LPC8N04\prj_8Nxx\keil\app_demo\app_demo.uvprojx
Project File Date:  05/11/2019

<h2>Output:</h2>
*** Using Compiler 'V5.06 update 1 (build 61)', folder: 'D:\Keil_v5\ARM\ARMCC\Bin'
Rebuild Project 'app_demo' - Target 'iflash_lpc8Nxx'
compiling crp.c...
compiling main.c...
assembling keil_startup_lpc8Nxx.s...
compiling timer.c...
linking...
Program Size: Code=2104 RO-data=224 RW-data=28 ZI-data=868  
FromELF: creating hex file...
After Build - User command #1: D:\Keil_v5\\ARM\BIN\ELFDWT.EXE .\keil_output\app_demo.axf BASEADDRESS(0x00000000)
ELFDWT - Signature Creator V1.1.0.0
COPYRIGHT Keil - An ARM Company, Copyright (C) 2014
*** Updated Signature over Range[32] (0x00000000 - 0x00000018): @0x0000001C = 0xEFFFF3DC
*** Processing completed, no Errors.
After Build - User command #2: D:\Keil_v5\\ARM\ARMCC\BIN\FROMELF.EXE --bin --output keil_output\app_demo.bin keil_output\app_demo.axf
".\keil_output\app_demo.axf" - 0 Error(s), 0 Warning(s).

<h2>Software Packages used:</h2>

Package Vendor: Keil
                http://www.keil.com/pack/Keil.LPC8N04_DFP.1.0.0.pack
                Keil.LPC8N04_DFP.1.0.0
                NXP LPC8N04 Series Device Support

<h2>Collection of Component include folders:</h2>
  .\RTE\_iflash_lpc8Nxx
  D:\Keil_v5\ARM\PACK\Keil\LPC8N04_DFP\1.0.0\Device\Include

<h2>Collection of Component Files used:</h2>
Build Time Elapsed:  00:00:04
</pre>
</body>
</html>
